Component: ARM Compiler 6.10.1 Tool: armlink [5d142800]

==============================================================================

Section Cross References

    stm32f4xx_it.o(.ARM.exidx.text.NMI_Handler) refers to stm32f4xx_it.o(.text.NMI_Handler) for [Anonymous Symbol]
    stm32f4xx_it.o(.ARM.exidx.text.HardFault_Handler) refers to stm32f4xx_it.o(.text.HardFault_Handler) for [Anonymous Symbol]
    stm32f4xx_it.o(.ARM.exidx.text.MemManage_Handler) refers to stm32f4xx_it.o(.text.MemManage_Handler) for [Anonymous Symbol]
    stm32f4xx_it.o(.ARM.exidx.text.BusFault_Handler) refers to stm32f4xx_it.o(.text.BusFault_Handler) for [Anonymous Symbol]
    stm32f4xx_it.o(.ARM.exidx.text.UsageFault_Handler) refers to stm32f4xx_it.o(.text.UsageFault_Handler) for [Anonymous Symbol]
    stm32f4xx_it.o(.ARM.exidx.text.SVC_Handler) refers to stm32f4xx_it.o(.text.SVC_Handler) for [Anonymous Symbol]
    stm32f4xx_it.o(.ARM.exidx.text.DebugMon_Handler) refers to stm32f4xx_it.o(.text.DebugMon_Handler) for [Anonymous Symbol]
    stm32f4xx_it.o(.ARM.exidx.text.PendSV_Handler) refers to stm32f4xx_it.o(.text.PendSV_Handler) for [Anonymous Symbol]
    stm32f4xx_it.o(.text.SysTick_Handler) refers to stm32f4xx_hal.o(.text.HAL_IncTick) for HAL_IncTick
    stm32f4xx_it.o(.text.SysTick_Handler) refers to stm32f4xx_hal_cortex.o(.text.HAL_SYSTICK_IRQHandler) for HAL_SYSTICK_IRQHandler
    stm32f4xx_it.o(.ARM.exidx.text.SysTick_Handler) refers to stm32f4xx_it.o(.text.SysTick_Handler) for [Anonymous Symbol]
    stm32f4xx_it.o(.text.USART1_IRQHandler) refers to stm32f4xx_hal_uart.o(.text.HAL_UART_IRQHandler) for HAL_UART_IRQHandler
    stm32f4xx_it.o(.text.USART1_IRQHandler) refers to stm32f4xx_hal_uart.o(.text.HAL_UART_GetState) for HAL_UART_GetState
    stm32f4xx_it.o(.text.USART1_IRQHandler) refers to stm32f4xx_hal_uart.o(.text.HAL_UART_Receive_IT) for HAL_UART_Receive_IT
    stm32f4xx_it.o(.text.USART1_IRQHandler) refers to usart.o(.bss..L_MergedGlobals) for huart1
    stm32f4xx_it.o(.ARM.exidx.text.USART1_IRQHandler) refers to stm32f4xx_it.o(.text.USART1_IRQHandler) for [Anonymous Symbol]
    spi.o(.text.MX_SPI1_Init) refers to stm32f4xx_hal_spi.o(.text.HAL_SPI_Init) for HAL_SPI_Init
    spi.o(.text.MX_SPI1_Init) refers to main.o(.text.Error_Handler) for Error_Handler
    spi.o(.text.MX_SPI1_Init) refers to spi.o(.bss.hspi1) for hspi1
    spi.o(.ARM.exidx.text.MX_SPI1_Init) refers to spi.o(.text.MX_SPI1_Init) for [Anonymous Symbol]
    spi.o(.text.HAL_SPI_MspInit) refers to stm32f4xx_hal_gpio.o(.text.HAL_GPIO_Init) for HAL_GPIO_Init
    spi.o(.ARM.exidx.text.HAL_SPI_MspInit) refers to spi.o(.text.HAL_SPI_MspInit) for [Anonymous Symbol]
    spi.o(.text.HAL_SPI_MspDeInit) refers to stm32f4xx_hal_gpio.o(.text.HAL_GPIO_DeInit) for HAL_GPIO_DeInit
    spi.o(.ARM.exidx.text.HAL_SPI_MspDeInit) refers to spi.o(.text.HAL_SPI_MspDeInit) for [Anonymous Symbol]
    spi.o(.ARM.exidx.text.SPI1_ReadWriteByte) refers to spi.o(.text.SPI1_ReadWriteByte) for [Anonymous Symbol]
    main.o(.text.main) refers to stm32f4xx_hal.o(.text.HAL_Init) for HAL_Init
    main.o(.text.main) refers to main.o(.text.SystemClock_Config) for SystemClock_Config
    main.o(.text.main) refers to gpio.o(.text.MX_GPIO_Init) for MX_GPIO_Init
    main.o(.text.main) refers to usart.o(.text.MX_USART1_UART_Init) for MX_USART1_UART_Init
    main.o(.text.main) refers to spi.o(.text.MX_SPI1_Init) for MX_SPI1_Init
    main.o(.text.main) refers to stm32f4xx_hal_uart.o(.text.HAL_UART_Receive_IT) for HAL_UART_Receive_IT
    main.o(.text.main) refers to flash.o(.text.SPI_Flash_Init) for SPI_Flash_Init
    main.o(.text.main) refers to lcd.o(.text.lcd_init) for lcd_init
    main.o(.text.main) refers to flash.o(.text.SPI_Flash_Write) for SPI_Flash_Write
    main.o(.text.main) refers to flash.o(.text.SPI_Flash_Read) for SPI_Flash_Read
    main.o(.text.main) refers to lcd.o(.text.Draw_Circle) for Draw_Circle
    main.o(.text.main) refers to lcd.o(.text.LCD_DrawLine) for LCD_DrawLine
    main.o(.text.main) refers to lcd.o(.text.LCD_DrawRectangle) for LCD_DrawRectangle
    main.o(.text.main) refers to lcd.o(.text.LCD_DrawSolidRectangle) for LCD_DrawSolidRectangle
    main.o(.text.main) refers to lcd.o(.text.Draw_SolidCircle) for Draw_SolidCircle
    main.o(.text.main) refers to lcd.o(.text.LCD_ShowString) for LCD_ShowString
    main.o(.text.main) refers to key.o(.text.key_scanf) for key_scanf
    main.o(.text.main) refers to puts.o(i.puts) for puts
    main.o(.text.main) refers to printf5.o(i.__0printf$5) for __2printf
    main.o(.text.main) refers to stm32f4xx_hal.o(.text.HAL_Delay) for HAL_Delay
    main.o(.text.main) refers to spi.o(.bss.hspi1) for hspi1
    main.o(.text.main) refers to usart.o(.bss..L_MergedGlobals) for huart1
    main.o(.text.main) refers to lcd.o(.text.show_ascii) for show_ascii
    main.o(.text.main) refers to lcd.o(.data..L_MergedGlobals) for BACK_COLOR
    main.o(.text.main) refers to lcd.o(.text.LCD_Show_CH) for LCD_Show_CH
[...]
    Removing stm32f4xx_hal_dma.o(.ARM.exidx.text.DMA_SetConfig), (8 bytes).
    Removing stm32f4xx_hal_dma.o(.text.HAL_DMA_Start_IT), (108 bytes).
    Removing stm32f4xx_hal_dma.o(.ARM.exidx.text.HAL_DMA_Start_IT), (8 bytes).
    Removing stm32f4xx_hal_dma.o(.text.HAL_DMA_Abort), (142 bytes).
    Removing stm32f4xx_hal_dma.o(.ARM.exidx.text.HAL_DMA_Abort), (8 bytes).
    Removing stm32f4xx_hal_dma.o(.ARM.exidx.text.HAL_DMA_Abort_IT), (8 bytes).
    Removing stm32f4xx_hal_dma.o(.text.HAL_DMA_PollForTransfer), (296 bytes).
    Removing stm32f4xx_hal_dma.o(.ARM.exidx.text.HAL_DMA_PollForTransfer), (8 bytes).
    Removing stm32f4xx_hal_dma.o(.text.HAL_DMA_IRQHandler), (392 bytes).
    Removing stm32f4xx_hal_dma.o(.ARM.exidx.text.HAL_DMA_IRQHandler), (8 bytes).
    Removing stm32f4xx_hal_dma.o(.text.HAL_DMA_RegisterCallback), (82 bytes).
    Removing stm32f4xx_hal_dma.o(.ARM.exidx.text.HAL_DMA_RegisterCallback), (8 bytes).
    Removing stm32f4xx_hal_dma.o(.text.HAL_DMA_UnRegisterCallback), (108 bytes).
    Removing stm32f4xx_hal_dma.o(.ARM.exidx.text.HAL_DMA_UnRegisterCallback), (8 bytes).
    Removing stm32f4xx_hal_dma.o(.text.HAL_DMA_GetState), (6 bytes).
    Removing stm32f4xx_hal_dma.o(.ARM.exidx.text.HAL_DMA_GetState), (8 bytes).
    Removing stm32f4xx_hal_dma.o(.text.HAL_DMA_GetError), (4 bytes).
    Removing stm32f4xx_hal_dma.o(.ARM.exidx.text.HAL_DMA_GetError), (8 bytes).
    Removing stm32f4xx_hal_dma_ex.o(.text), (0 bytes).
    Removing stm32f4xx_hal_dma_ex.o(.text.HAL_DMAEx_MultiBufferStart), (116 bytes).
    Removing stm32f4xx_hal_dma_ex.o(.ARM.exidx.text.HAL_DMAEx_MultiBufferStart), (8 bytes).
    Removing stm32f4xx_hal_dma_ex.o(.text.HAL_DMAEx_MultiBufferStart_IT), (736 bytes).
    Removing stm32f4xx_hal_dma_ex.o(.ARM.exidx.text.HAL_DMAEx_MultiBufferStart_IT), (8 bytes).
    Removing stm32f4xx_hal_dma_ex.o(.text.HAL_DMAEx_ChangeMemory), (16 bytes).
    Removing stm32f4xx_hal_dma_ex.o(.ARM.exidx.text.HAL_DMAEx_ChangeMemory), (8 bytes).
    Removing stm32f4xx_hal_rcc.o(.text), (0 bytes).
    Removing stm32f4xx_hal_rcc.o(.text.HAL_RCC_DeInit), (2 bytes).
    Removing stm32f4xx_hal_rcc.o(.ARM.exidx.text.HAL_RCC_DeInit), (8 bytes).
    Removing stm32f4xx_hal_rcc.o(.ARM.exidx.text.HAL_RCC_OscConfig), (8 bytes).
    Removing stm32f4xx_hal_rcc.o(.ARM.exidx.text.HAL_RCC_ClockConfig), (8 bytes).
    Removing stm32f4xx_hal_rcc.o(.ARM.exidx.text.HAL_RCC_GetSysClockFreq), (8 bytes).
    Removing stm32f4xx_hal_rcc.o(.text.HAL_RCC_MCOConfig), (148 bytes).
    Removing stm32f4xx_hal_rcc.o(.ARM.exidx.text.HAL_RCC_MCOConfig), (8 bytes).
    Removing stm32f4xx_hal_rcc.o(.text.HAL_RCC_EnableCSS), (12 bytes).
    Removing stm32f4xx_hal_rcc.o(.ARM.exidx.text.HAL_RCC_EnableCSS), (8 bytes).
    Removing stm32f4xx_hal_rcc.o(.text.HAL_RCC_DisableCSS), (12 bytes).
    Removing stm32f4xx_hal_rcc.o(.ARM.exidx.text.HAL_RCC_DisableCSS), (8 bytes).
    Removing stm32f4xx_hal_rcc.o(.ARM.exidx.text.HAL_RCC_GetHCLKFreq), (8 bytes).
    Removing stm32f4xx_hal_rcc.o(.ARM.exidx.text.HAL_RCC_GetPCLK1Freq), (8 bytes).
    Removing stm32f4xx_hal_rcc.o(.ARM.exidx.text.HAL_RCC_GetPCLK2Freq), (8 bytes).
    Removing stm32f4xx_hal_rcc.o(.text.HAL_RCC_GetOscConfig), (204 bytes).
    Removing stm32f4xx_hal_rcc.o(.ARM.exidx.text.HAL_RCC_GetOscConfig), (8 bytes).
    Removing stm32f4xx_hal_rcc.o(.text.HAL_RCC_GetClockConfig), (60 bytes).
    Removing stm32f4xx_hal_rcc.o(.ARM.exidx.text.HAL_RCC_GetClockConfig), (8 bytes).
    Removing stm32f4xx_hal_rcc.o(.text.HAL_RCC_NMI_IRQHandler), (28 bytes).
    Removing stm32f4xx_hal_rcc.o(.ARM.exidx.text.HAL_RCC_NMI_IRQHandler), (8 bytes).
    Removing stm32f4xx_hal_rcc.o(.text.HAL_RCC_CSSCallback), (2 bytes).
    Removing stm32f4xx_hal_rcc.o(.ARM.exidx.text.HAL_RCC_CSSCallback), (8 bytes).
    Removing stm32f4xx_hal.o(.text), (0 bytes).
    Removing stm32f4xx_hal.o(.ARM.exidx.text.HAL_Init), (8 bytes).
    Removing stm32f4xx_hal.o(.ARM.exidx.text.HAL_InitTick), (8 bytes).
    Removing stm32f4xx_hal.o(.text.HAL_MspInit), (2 bytes).
    Removing stm32f4xx_hal.o(.ARM.exidx.text.HAL_MspInit), (8 bytes).
    Removing stm32f4xx_hal.o(.text.HAL_DeInit), (44 bytes).
    Removing stm32f4xx_hal.o(.ARM.exidx.text.HAL_DeInit), (8 bytes).
    Removing stm32f4xx_hal.o(.text.HAL_MspDeInit), (2 bytes).
    Removing stm32f4xx_hal.o(.ARM.exidx.text.HAL_MspDeInit), (8 bytes).
    Removing stm32f4xx_hal.o(.ARM.exidx.text.HAL_IncTick), (8 bytes).
    Removing stm32f4xx_hal.o(.ARM.exidx.text.HAL_GetTick), (8 bytes).
    Removing stm32f4xx_hal.o(.ARM.exidx.text.HAL_Delay), (8 bytes).
    Removing stm32f4xx_hal.o(.text.HAL_SuspendTick), (16 bytes).
    Removing stm32f4xx_hal.o(.ARM.exidx.text.HAL_SuspendTick), (8 bytes).
    Removing stm32f4xx_hal.o(.text.HAL_ResumeTick), (16 bytes).
    Removing stm32f4xx_hal.o(.ARM.exidx.text.HAL_ResumeTick), (8 bytes).
    Removing stm32f4xx_hal.o(.text.HAL_GetHalVersion), (6 bytes).
    Removing stm32f4xx_hal.o(.ARM.exidx.text.HAL_GetHalVersion), (8 bytes).
    Removing stm32f4xx_hal.o(.text.HAL_GetREVID), (12 bytes).
    Removing stm32f4xx_hal.o(.ARM.exidx.text.HAL_GetREVID), (8 bytes).
    Removing stm32f4xx_hal.o(.text.HAL_GetDEVID), (16 bytes).
    Removing stm32f4xx_hal.o(.ARM.exidx.text.HAL_GetDEVID), (8 bytes).
    Removing stm32f4xx_hal.o(.text.HAL_DBGMCU_EnableDBGSleepMode), (16 bytes).
    Removing stm32f4xx_hal.o(.ARM.exidx.text.HAL_DBGMCU_EnableDBGSleepMode), (8 bytes).
    Removing stm32f4xx_hal.o(.text.HAL_DBGMCU_DisableDBGSleepMode), (16 bytes).
    Removing stm32f4xx_hal.o(.ARM.exidx.text.HAL_DBGMCU_DisableDBGSleepMode), (8 bytes).
    Removing stm32f4xx_hal.o(.text.HAL_DBGMCU_EnableDBGStopMode), (16 bytes).
    Removing stm32f4xx_hal.o(.ARM.exidx.text.HAL_DBGMCU_EnableDBGStopMode), (8 bytes).
    Removing stm32f4xx_hal.o(.text.HAL_DBGMCU_DisableDBGStopMode), (16 bytes).
    Removing stm32f4xx_hal.o(.ARM.exidx.text.HAL_DBGMCU_DisableDBGStopMode), (8 bytes).
    Removing stm32f4xx_hal.o(.text.HAL_DBGMCU_EnableDBGStandbyMode), (16 bytes).
    Removing stm32f4xx_hal.o(.ARM.exidx.text.HAL_DBGMCU_EnableDBGStandbyMode), (8 bytes).
    Removing stm32f4xx_hal.o(.text.HAL_DBGMCU_DisableDBGStandbyMode), (16 bytes).
    Removing stm32f4xx_hal.o(.ARM.exidx.text.HAL_DBGMCU_DisableDBGStandbyMode), (8 bytes).
    Removing stm32f4xx_hal.o(.text.HAL_EnableCompensationCell), (24 bytes).
    Removing stm32f4xx_hal.o(.ARM.exidx.text.HAL_EnableCompensationCell), (8 bytes).
    Removing stm32f4xx_hal.o(.text.HAL_DisableCompensationCell), (24 bytes).
    Removing stm32f4xx_hal.o(.ARM.exidx.text.HAL_DisableCompensationCell), (8 bytes).
    Removing stm32f4xx_hal_tim.o(.text), (0 bytes).
    Removing stm32f4xx_hal_flash_ramfunc.o(.text), (0 bytes).
    Removing stm32f4xx_hal_rcc_ex.o(.text), (0 bytes).
    Removing stm32f4xx_hal_rcc_ex.o(.text.HAL_RCC_DeInit), (92 bytes).
    Removing stm32f4xx_hal_rcc_ex.o(.ARM.exidx.text.HAL_RCC_DeInit), (8 bytes).
    Removing stm32f4xx_hal_rcc_ex.o(.text.HAL_RCCEx_PeriphCLKConfig), (340 bytes).
    Removing stm32f4xx_hal_rcc_ex.o(.ARM.exidx.text.HAL_RCCEx_PeriphCLKConfig), (8 bytes).
    Removing stm32f4xx_hal_rcc_ex.o(.text.HAL_RCCEx_GetPeriphCLKConfig), (72 bytes).
    Removing stm32f4xx_hal_rcc_ex.o(.ARM.exidx.text.HAL_RCCEx_GetPeriphCLKConfig), (8 bytes).
    Removing stm32f4xx_hal_uart.o(.text), (0 bytes).
    Removing stm32f4xx_hal_uart.o(.ARM.exidx.text.HAL_UART_Init), (8 bytes).
    Removing stm32f4xx_hal_uart.o(.text.HAL_UART_MspInit), (2 bytes).
    Removing stm32f4xx_hal_uart.o(.ARM.exidx.text.HAL_UART_MspInit), (8 bytes).
    Removing stm32f4xx_hal_uart.o(.ARM.exidx.text.UART_SetConfig), (8 bytes).
    Removing stm32f4xx_hal_uart.o(.text.HAL_HalfDuplex_Init), (100 bytes).
    Removing stm32f4xx_hal_uart.o(.ARM.exidx.text.HAL_HalfDuplex_Init), (8 bytes).
    Removing stm32f4xx_hal_uart.o(.text.HAL_LIN_Init), (116 bytes).
    Removing stm32f4xx_hal_uart.o(.ARM.exidx.text.HAL_LIN_Init), (8 bytes).
    Removing stm32f4xx_hal_uart.o(.text.HAL_MultiProcessor_Init), (124 bytes).
    Removing stm32f4xx_hal_uart.o(.ARM.exidx.text.HAL_MultiProcessor_Init), (8 bytes).
    Removing stm32f4xx_hal_uart.o(.text.HAL_UART_DeInit), (40 bytes).
    Removing stm32f4xx_hal_uart.o(.ARM.exidx.text.HAL_UART_DeInit), (8 bytes).
    Removing stm32f4xx_hal_uart.o(.text.HAL_UART_MspDeInit), (2 bytes).
    Removing stm32f4xx_hal_uart.o(.ARM.exidx.text.HAL_UART_MspDeInit), (8 bytes).
    Removing stm32f4xx_hal_uart.o(.ARM.exidx.text.HAL_UART_Transmit), (8 bytes).
    Removing stm32f4xx_hal_uart.o(.ARM.exidx.text.UART_WaitOnFlagUntilTimeout), (8 bytes).
    Removing stm32f4xx_hal_uart.o(.text.HAL_UART_Receive), (166 bytes).
    Removing stm32f4xx_hal_uart.o(.ARM.exidx.text.HAL_UART_Receive), (8 bytes).
    Removing stm32f4xx_hal_uart.o(.text.HAL_UART_Transmit_IT), (60 bytes).
    Removing stm32f4xx_hal_uart.o(.ARM.exidx.text.HAL_UART_Transmit_IT), (8 bytes).
    Removing stm32f4xx_hal_uart.o(.ARM.exidx.text.HAL_UART_Receive_IT), (8 bytes).
    Removing stm32f4xx_hal_uart.o(.text.HAL_UART_Transmit_DMA), (120 bytes).
    Removing stm32f4xx_hal_uart.o(.ARM.exidx.text.HAL_UART_Transmit_DMA), (8 bytes).
    Removing stm32f4xx_hal_uart.o(.text.UART_DMATransmitCplt), (40 bytes).
    Removing stm32f4xx_hal_uart.o(.ARM.exidx.text.UART_DMATransmitCplt), (8 bytes).
    Removing stm32f4xx_hal_uart.o(.text.UART_DMATxHalfCplt), (6 bytes).
    Removing stm32f4xx_hal_uart.o(.ARM.exidx.text.UART_DMATxHalfCplt), (8 bytes).
    Removing stm32f4xx_hal_uart.o(.text.UART_DMAError), (84 bytes).
    Removing stm32f4xx_hal_uart.o(.ARM.exidx.text.UART_DMAError), (8 bytes).
    Removing stm32f4xx_hal_uart.o(.text.HAL_UART_Receive_DMA), (128 bytes).
    Removing stm32f4xx_hal_uart.o(.ARM.exidx.text.HAL_UART_Receive_DMA), (8 bytes).
    Removing stm32f4xx_hal_uart.o(.text.UART_DMAReceiveCplt), (56 bytes).
    Removing stm32f4xx_hal_uart.o(.ARM.exidx.text.UART_DMAReceiveCplt), (8 bytes).
    Removing stm32f4xx_hal_uart.o(.text.UART_DMARxHalfCplt), (6 bytes).
    Removing stm32f4xx_hal_uart.o(.ARM.exidx.text.UART_DMARxHalfCplt), (8 bytes).
    Removing stm32f4xx_hal_uart.o(.text.HAL_UART_DMAPause), (94 bytes).
    Removing stm32f4xx_hal_uart.o(.ARM.exidx.text.HAL_UART_DMAPause), (8 bytes).
    Removing stm32f4xx_hal_uart.o(.text.HAL_UART_DMAResume), (98 bytes).
    Removing stm32f4xx_hal_uart.o(.ARM.exidx.text.HAL_UART_DMAResume), (8 bytes).
    Removing stm32f4xx_hal_uart.o(.text.HAL_UART_DMAStop), (104 bytes).
    Removing stm32f4xx_hal_uart.o(.ARM.exidx.text.HAL_UART_DMAStop), (8 bytes).
    Removing stm32f4xx_hal_uart.o(.ARM.exidx.text.UART_EndRxTransfer), (8 bytes).
    Removing stm32f4xx_hal_uart.o(.text.HAL_UART_Abort), (108 bytes).
    Removing stm32f4xx_hal_uart.o(.ARM.exidx.text.HAL_UART_Abort), (8 bytes).
    Removing stm32f4xx_hal_uart.o(.text.HAL_UART_AbortTransmit), (56 bytes).
    Removing stm32f4xx_hal_uart.o(.ARM.exidx.text.HAL_UART_AbortTransmit), (8 bytes).
    Removing stm32f4xx_hal_uart.o(.text.HAL_UART_AbortReceive), (64 bytes).
    Removing stm32f4xx_hal_uart.o(.ARM.exidx.text.HAL_UART_AbortReceive), (8 bytes).
    Removing stm32f4xx_hal_uart.o(.text.HAL_UART_Abort_IT), (164 bytes).
    Removing stm32f4xx_hal_uart.o(.ARM.exidx.text.HAL_UART_Abort_IT), (8 bytes).
    Removing stm32f4xx_hal_uart.o(.text.UART_DMATxAbortCallback), (38 bytes).
    Removing stm32f4xx_hal_uart.o(.ARM.exidx.text.UART_DMATxAbortCallback), (8 bytes).
    Removing stm32f4xx_hal_uart.o(.text.UART_DMARxAbortCallback), (38 bytes).
    Removing stm32f4xx_hal_uart.o(.ARM.exidx.text.UART_DMARxAbortCallback), (8 bytes).
    Removing stm32f4xx_hal_uart.o(.text.HAL_UART_AbortCpltCallback), (2 bytes).
    Removing stm32f4xx_hal_uart.o(.ARM.exidx.text.HAL_UART_AbortCpltCallback), (8 bytes).
    Removing stm32f4xx_hal_uart.o(.text.HAL_UART_AbortTransmit_IT), (76 bytes).
    Removing stm32f4xx_hal_uart.o(.ARM.exidx.text.HAL_UART_AbortTransmit_IT), (8 bytes).
    Removing stm32f4xx_hal_uart.o(.text.UART_DMATxOnlyAbortCallback), (16 bytes).
    Removing stm32f4xx_hal_uart.o(.ARM.exidx.text.UART_DMATxOnlyAbortCallback), (8 bytes).
    Removing stm32f4xx_hal_uart.o(.text.HAL_UART_AbortTransmitCpltCallback), (2 bytes).
    Removing stm32f4xx_hal_uart.o(.ARM.exidx.text.HAL_UART_AbortTransmitCpltCallback), (8 bytes).
    Removing stm32f4xx_hal_uart.o(.text.HAL_UART_AbortReceive_IT), (84 bytes).
    Removing stm32f4xx_hal_uart.o(.ARM.exidx.text.HAL_UART_AbortReceive_IT), (8 bytes).
    Removing stm32f4xx_hal_uart.o(.text.UART_DMARxOnlyAbortCallback), (16 bytes).
    Removing stm32f4xx_hal_uart.o(.ARM.exidx.text.UART_DMARxOnlyAbortCallback), (8 bytes).
    Removing stm32f4xx_hal_uart.o(.text.HAL_UART_AbortReceiveCpltCallback), (2 bytes).
    Removing stm32f4xx_hal_uart.o(.ARM.exidx.text.HAL_UART_AbortReceiveCpltCallback), (8 bytes).
    Removing stm32f4xx_hal_uart.o(.ARM.exidx.text.HAL_UART_IRQHandler), (8 bytes).
    Removing stm32f4xx_hal_uart.o(.ARM.exidx.text.UART_Receive_IT), (8 bytes).
    Removing stm32f4xx_hal_uart.o(.ARM.exidx.text.UART_DMAAbortOnError), (8 bytes).
    Removing stm32f4xx_hal_uart.o(.ARM.exidx.text.HAL_UART_ErrorCallback), (8 bytes).
    Removing stm32f4xx_hal_uart.o(.ARM.exidx.text.HAL_UART_TxCpltCallback), (8 bytes).
    Removing stm32f4xx_hal_uart.o(.text.HAL_UART_TxHalfCpltCallback), (2 bytes).
    Removing stm32f4xx_hal_uart.o(.ARM.exidx.text.HAL_UART_TxHalfCpltCallback), (8 bytes).
    Removing stm32f4xx_hal_uart.o(.text.HAL_UART_RxCpltCallback), (2 bytes).
    Removing stm32f4xx_hal_uart.o(.ARM.exidx.text.HAL_UART_RxCpltCallback), (8 bytes).
    Removing stm32f4xx_hal_uart.o(.text.HAL_UART_RxHalfCpltCallback), (2 bytes).
    Removing stm32f4xx_hal_uart.o(.ARM.exidx.text.HAL_UART_RxHalfCpltCallback), (8 bytes).
    Removing stm32f4xx_hal_uart.o(.text.HAL_LIN_SendBreak), (44 bytes).
    Removing stm32f4xx_hal_uart.o(.ARM.exidx.text.HAL_LIN_SendBreak), (8 bytes).
    Removing stm32f4xx_hal_uart.o(.text.HAL_MultiProcessor_EnterMuteMode), (44 bytes).
    Removing stm32f4xx_hal_uart.o(.ARM.exidx.text.HAL_MultiProcessor_EnterMuteMode), (8 bytes).
    Removing stm32f4xx_hal_uart.o(.text.HAL_MultiProcessor_ExitMuteMode), (44 bytes).
    Removing stm32f4xx_hal_uart.o(.ARM.exidx.text.HAL_MultiProcessor_ExitMuteMode), (8 bytes).
    Removing stm32f4xx_hal_uart.o(.text.HAL_HalfDuplex_EnableTransmitter), (42 bytes).
    Removing stm32f4xx_hal_uart.o(.ARM.exidx.text.HAL_HalfDuplex_EnableTransmitter), (8 bytes).
    Removing stm32f4xx_hal_uart.o(.text.HAL_HalfDuplex_EnableReceiver), (46 bytes).
    Removing stm32f4xx_hal_uart.o(.ARM.exidx.text.HAL_HalfDuplex_EnableReceiver), (8 bytes).
    Removing stm32f4xx_hal_uart.o(.ARM.exidx.text.HAL_UART_GetState), (8 bytes).
    Removing stm32f4xx_hal_uart.o(.text.HAL_UART_GetError), (4 bytes).
    Removing stm32f4xx_hal_uart.o(.ARM.exidx.text.HAL_UART_GetError), (8 bytes).
    Removing stm32f4xx_hal_flash.o(.text), (0 bytes).
    Removing stm32f4xx_hal_flash.o(.text.HAL_FLASH_Program), (132 bytes).
    Removing stm32f4xx_hal_flash.o(.ARM.exidx.text.HAL_FLASH_Program), (8 bytes).
    Removing stm32f4xx_hal_flash.o(.text.FLASH_WaitForLastOperation), (92 bytes).
    Removing stm32f4xx_hal_flash.o(.ARM.exidx.text.FLASH_WaitForLastOperation), (8 bytes).
    Removing stm32f4xx_hal_flash.o(.text.FLASH_Program_Byte), (32 bytes).
    Removing stm32f4xx_hal_flash.o(.ARM.exidx.text.FLASH_Program_Byte), (8 bytes).
    Removing stm32f4xx_hal_flash.o(.text.FLASH_Program_HalfWord), (36 bytes).
    Removing stm32f4xx_hal_flash.o(.ARM.exidx.text.FLASH_Program_HalfWord), (8 bytes).
    Removing stm32f4xx_hal_flash.o(.text.FLASH_Program_Word), (36 bytes).
    Removing stm32f4xx_hal_flash.o(.ARM.exidx.text.FLASH_Program_Word), (8 bytes).
    Removing stm32f4xx_hal_flash.o(.text.FLASH_Program_DoubleWord), (40 bytes).
    Removing stm32f4xx_hal_flash.o(.ARM.exidx.text.FLASH_Program_DoubleWord), (8 bytes).
    Removing stm32f4xx_hal_flash.o(.text.HAL_FLASH_Program_IT), (124 bytes).
    Removing stm32f4xx_hal_flash.o(.ARM.exidx.text.HAL_FLASH_Program_IT), (8 bytes).
    Removing stm32f4xx_hal_flash.o(.text.HAL_FLASH_IRQHandler), (200 bytes).
    Removing stm32f4xx_hal_flash.o(.ARM.exidx.text.HAL_FLASH_IRQHandler), (8 bytes).
    Removing stm32f4xx_hal_flash.o(.text.FLASH_SetErrorCode), (148 bytes).
    Removing stm32f4xx_hal_flash.o(.ARM.exidx.text.FLASH_SetErrorCode), (8 bytes).
    Removing stm32f4xx_hal_flash.o(.text.HAL_FLASH_OperationErrorCallback), (2 bytes).
    Removing stm32f4xx_hal_flash.o(.ARM.exidx.text.HAL_FLASH_OperationErrorCallback), (8 bytes).
    Removing stm32f4xx_hal_flash.o(.text.HAL_FLASH_EndOfOperationCallback), (2 bytes).
    Removing stm32f4xx_hal_flash.o(.ARM.exidx.text.HAL_FLASH_EndOfOperationCallback), (8 bytes).
    Removing stm32f4xx_hal_flash.o(.text.HAL_FLASH_Unlock), (40 bytes).
    Removing stm32f4xx_hal_flash.o(.ARM.exidx.text.HAL_FLASH_Unlock), (8 bytes).
    Removing stm32f4xx_hal_flash.o(.text.HAL_FLASH_Lock), (20 bytes).
    Removing stm32f4xx_hal_flash.o(.ARM.exidx.text.HAL_FLASH_Lock), (8 bytes).
    Removing stm32f4xx_hal_flash.o(.text.HAL_FLASH_OB_Unlock), (40 bytes).
    Removing stm32f4xx_hal_flash.o(.ARM.exidx.text.HAL_FLASH_OB_Unlock), (8 bytes).
    Removing stm32f4xx_hal_flash.o(.text.HAL_FLASH_OB_Lock), (20 bytes).
    Removing stm32f4xx_hal_flash.o(.ARM.exidx.text.HAL_FLASH_OB_Lock), (8 bytes).
    Removing stm32f4xx_hal_flash.o(.text.HAL_FLASH_OB_Launch), (24 bytes).
    Removing stm32f4xx_hal_flash.o(.ARM.exidx.text.HAL_FLASH_OB_Launch), (8 bytes).
    Removing stm32f4xx_hal_flash.o(.text.HAL_FLASH_GetError), (12 bytes).
    Removing stm32f4xx_hal_flash.o(.ARM.exidx.text.HAL_FLASH_GetError), (8 bytes).
    Removing stm32f4xx_hal_flash.o(.bss.pFlash), (32 bytes).
    Removing startup_stm32f407xx.o(HEAP), (512 bytes).
    Removing system_stm32f4xx.o(.text), (0 bytes).
    Removing system_stm32f4xx.o(.ARM.exidx.text.SystemInit), (8 bytes).
    Removing system_stm32f4xx.o(.text.SystemCoreClockUpdate), (112 bytes).
    Removing system_stm32f4xx.o(.ARM.exidx.text.SystemCoreClockUpdate), (8 bytes).
    Removing system_stm32f4xx.o(.rodata.AHBPrescTable), (16 bytes).
    Removing system_stm32f4xx.o(.rodata.APBPrescTable), (8 bytes).
    Removing dadd.o(.text), (334 bytes).
    Removing dmul.o(.text), (228 bytes).
    Removing ddiv.o(.text), (222 bytes).
    Removing dfixul.o(.text), (48 bytes).
    Removing cdrcmple.o(.text), (48 bytes).
    Removing depilogue.o(.text), (186 bytes).

523 unused section(s) (total 17398 bytes) removed from the image.

==============================================================================

Image Symbol Table

    Local Symbols

    Symbol Name                              Value     Ov Type        Size  Object(Section)

    ../clib/microlib/division.c              0x00000000   Number         0  uidiv.o ABSOLUTE
    ../clib/microlib/division.c              0x00000000   Number         0  uldiv.o ABSOLUTE
    ../clib/microlib/init/entry.s            0x00000000   Number         0  entry9a.o ABSOLUTE
    ../clib/microlib/init/entry.s            0x00000000   Number         0  entry11b.o ABSOLUTE
    ../clib/microlib/init/entry.s            0x00000000   Number         0  entry11a.o ABSOLUTE
    ../clib/microlib/init/entry.s            0x00000000   Number         0  entry7b.o ABSOLUTE
    ../clib/microlib/init/entry.s            0x00000000   Number         0  entry.o ABSOLUTE
    ../clib/microlib/init/entry.s            0x00000000   Number         0  entry8b.o ABSOLUTE
    ../clib/microlib/init/entry.s            0x00000000   Number         0  entry8a.o ABSOLUTE
    ../clib/microlib/init/entry.s            0x00000000   Number         0  entry10b.o ABSOLUTE
    ../clib/microlib/init/entry.s            0x00000000   Number         0  entry9b.o ABSOLUTE
    ../clib/microlib/init/entry.s            0x00000000   Number         0  entry5.o ABSOLUTE
    ../clib/microlib/init/entry.s            0x00000000   Number         0  entry10a.o ABSOLUTE
    ../clib/microlib/init/entry.s            0x00000000   Number         0  entry7a.o ABSOLUTE
    ../clib/microlib/init/entry.s            0x00000000   Number         0  entry2.o ABSOLUTE
    ../clib/microlib/longlong.c              0x00000000   Number         0  llsshr.o ABSOLUTE
    ../clib/microlib/longlong.c              0x00000000   Number         0  llushr.o ABSOLUTE
    ../clib/microlib/longlong.c              0x00000000   Number         0  llshl.o ABSOLUTE
    ../clib/microlib/printf/printf.c         0x00000000   Number         0  printf6.o ABSOLUTE
    ../clib/microlib/printf/printf.c         0x00000000   Number         0  printf4.o ABSOLUTE
    ../clib/microlib/printf/printf.c         0x00000000   Number         0  printf3.o ABSOLUTE
    ../clib/microlib/printf/printf.c         0x00000000   Number         0  printf2.o ABSOLUTE
    ../clib/microlib/printf/printf.c         0x00000000   Number         0  printf0.o ABSOLUTE
    ../clib/microlib/printf/printf.c         0x00000000   Number         0  printf1.o ABSOLUTE
    ../clib/microlib/printf/printf.c         0x00000000   Number         0  printfb.o ABSOLUTE
    ../clib/microlib/printf/printf.c         0x00000000   Number         0  printf5.o ABSOLUTE
    ../clib/microlib/printf/printf.c         0x00000000   Number         0  printfa.o ABSOLUTE
    ../clib/microlib/printf/printf.c         0x00000000   Number         0  printf8.o ABSOLUTE
    ../clib/microlib/printf/printf.c         0x00000000   Number         0  printf7.o ABSOLUTE
    ../clib/microlib/printf/stubs.s          0x00000000   Number         0  stubs.o ABSOLUTE
    ../clib/microlib/stdio/puts.c            0x00000000   Number         0  puts.o ABSOLUTE
    ../clib/microlib/stdio/puts.c            0x00000000   Number         0  puts_e.o ABSOLUTE
    ../clib/microlib/stdio/streams.c         0x00000000   Number         0  stdout.o ABSOLUTE
    ../clib/microlib/string/memset.c         0x00000000   Number         0  memseta.o ABSOLUTE
    ../clib/microlib/stubs.s                 0x00000000   Number         0  iusefp.o ABSOLUTE
    ../fplib/microlib/fpadd.c                0x00000000   Number         0  dadd.o ABSOLUTE
    ../fplib/microlib/fpdiv.c                0x00000000   Number         0  ddiv.o ABSOLUTE
    ../fplib/microlib/fpepilogue.c           0x00000000   Number         0  depilogue.o ABSOLUTE
    ../fplib/microlib/fpfix.c                0x00000000   Number         0  dfixul.o ABSOLUTE
    ../fplib/microlib/fpmul.c                0x00000000   Number         0  dmul.o ABSOLUTE
    cdrcmple.s                               0x00000000   Number         0  cdrcmple.o ABSOLUTE
    dc.s                                     0x00000000   Number         0  dc.o ABSOLUTE
    flash.c                                  0x00000000   Number         0  flash.o ABSOLUTE
    font.c                                   0x00000000   Number         0  font.o ABSOLUTE
    gpio.c                                   0x00000000   Number         0  gpio.o ABSOLUTE
    handlers.s                               0x00000000   Number         0  handlers.o ABSOLUTE
    init.s                                   0x00000000   Number         0  init.o ABSOLUTE
    key.c                                    0x00000000   Number         0  key.o ABSOLUTE
    lcd.c                                    0x00000000   Number         0  lcd.o ABSOLUTE
    main.c                                   0x00000000   Number         0  main.o ABSOLUTE
    spi.c                                    0x00000000   Number         0  spi.o ABSOLUTE
    startup_stm32f407xx.s                    0x00000000   Number         0  startup_stm32f407xx.o ABSOLUTE
    stm32f4xx_hal.c                          0x00000000   Number         0  stm32f4xx_hal.o ABSOLUTE
    stm32f4xx_hal_cortex.c                   0x00000000   Number         0  stm32f4xx_hal_cortex.o ABSOLUTE
    stm32f4xx_hal_dma.c                      0x00000000   Number         0  stm32f4xx_hal_dma.o ABSOLUTE
    stm32f4xx_hal_dma_ex.c                   0x00000000   Number         0  stm32f4xx_hal_dma_ex.o ABSOLUTE
    stm32f4xx_hal_flash.c                    0x00000000   Number         0  stm32f4xx_hal_flash.o ABSOLUTE
    stm32f4xx_hal_flash_ex.c                 0x00000000   Number         0  stm32f4xx_hal_flash_ex.o ABSOLUTE
    stm32f4xx_hal_flash_ramfunc.c            0x00000000   Number         0  stm32f4xx_hal_flash_ramfunc.o ABSOLUTE
    stm32f4xx_hal_gpio.c                     0x00000000   Number         0  stm32f4xx_hal_gpio.o ABSOLUTE
    stm32f4xx_hal_msp.c                      0x00000000   Number         0  stm32f4xx_hal_msp.o ABSOLUTE
    stm32f4xx_hal_pwr.c                      0x00000000   Number         0  stm32f4xx_hal_pwr.o ABSOLUTE
    stm32f4xx_hal_pwr_ex.c                   0x00000000   Number         0  stm32f4xx_hal_pwr_ex.o ABSOLUTE
    stm32f4xx_hal_rcc.c                      0x00000000   Number         0  stm32f4xx_hal_rcc.o ABSOLUTE
    stm32f4xx_hal_rcc_ex.c                   0x00000000   Number         0  stm32f4xx_hal_rcc_ex.o ABSOLUTE
    stm32f4xx_hal_spi.c                      0x00000000   Number         0  stm32f4xx_hal_spi.o ABSOLUTE
    stm32f4xx_hal_tim.c                      0x00000000   Number         0  stm32f4xx_hal_tim.o ABSOLUTE
    stm32f4xx_hal_tim_ex.c                   0x00000000   Number         0  stm32f4xx_hal_tim_ex.o ABSOLUTE
    stm32f4xx_hal_uart.c                     0x00000000   Number         0  stm32f4xx_hal_uart.o ABSOLUTE
    stm32f4xx_it.c                           0x00000000   Number         0  stm32f4xx_it.o ABSOLUTE
    system_stm32f4xx.c                       0x00000000   Number         0  system_stm32f4xx.o ABSOLUTE
    usart.c                                  0x00000000   Number         0  usart.o ABSOLUTE
    RESET                                    0x08000000   Section      392  startup_stm32f407xx.o(RESET)
    .ARM.Collect$$$$00000000                 0x08000188   Section        0  entry.o(.ARM.Collect$$$$00000000)
    .ARM.Collect$$$$00000001                 0x08000188   Section        4  entry2.o(.ARM.Collect$$$$00000001)
    .ARM.Collect$$$$00000004                 0x0800018c   Section        4  entry5.o(.ARM.Collect$$$$00000004)
    .ARM.Collect$$$$00000008                 0x08000190   Section        0  entry7b.o(.ARM.Collect$$$$00000008)
    .ARM.Collect$$$$0000000A                 0x08000190   Section        0  entry8b.o(.ARM.Collect$$$$0000000A)
    .ARM.Collect$$$$0000000B                 0x08000190   Section        8  entry9a.o(.ARM.Collect$$$$0000000B)
    .ARM.Collect$$$$0000000D                 0x08000198   Section        0  entry10a.o(.ARM.Collect$$$$0000000D)
    .ARM.Collect$$$$0000000F                 0x08000198   Section        0  entry11a.o(.ARM.Collect$$$$0000000F)
    .ARM.Collect$$$$00002712                 0x08000198   Section        4  entry2.o(.ARM.Collect$$$$00002712)
    __lit__00000000                          0x08000198   Data           4  entry2.o(.ARM.Collect$$$$00002712)
    .text                                    0x0800019c   Section       36  startup_stm32f407xx.o(.text)
    $v0                                      0x0800019c   Number         0  startup_stm32f407xx.o(.text)
    .text                                    0x080001c0   Section        0  uldiv.o(.text)
    .text                                    0x08000224   Section       36  init.o(.text)
    .text                                    0x08000248   Section        0  llshl.o(.text)
    .text                                    0x08000266   Section        0  llushr.o(.text)
    [Anonymous Symbol]                       0x08000286   Section        0  stm32f4xx_it.o(.text.BusFault_Handler)
    [Anonymous Symbol]                       0x08000288   Section        0  stm32f4xx_it.o(.text.DebugMon_Handler)
    [Anonymous Symbol]                       0x0800028c   Section        0  lcd.o(.text.Draw_Circle)
    __arm_cp.6_0                             0x08000340   Number         4  lcd.o(.text.Draw_Circle)
    [Anonymous Symbol]                       0x08000344   Section        0  lcd.o(.text.Draw_SolidCircle)
    [Anonymous Symbol]                       0x08000360   Section        0  main.o(.text.Error_Handler)
    [Anonymous Symbol]                       0x08000362   Section        0  stm32f4xx_hal_dma.o(.text.HAL_DMA_Abort_IT)
    [Anonymous Symbol]                       0x08000386   Section        0  stm32f4xx_hal.o(.text.HAL_Delay)
    [Anonymous Symbol]                       0x080003a0   Section        0  stm32f4xx_hal_gpio.o(.text.HAL_GPIO_Init)
    __arm_cp.0_0                             0x08000518   Number         4  stm32f4xx_hal_gpio.o(.text.HAL_GPIO_Init)
    __arm_cp.0_1                             0x0800051c   Number         4  stm32f4xx_hal_gpio.o(.text.HAL_GPIO_Init)
    __arm_cp.0_2                             0x08000520   Number         4  stm32f4xx_hal_gpio.o(.text.HAL_GPIO_Init)
    __arm_cp.0_3                             0x08000524   Number         4  stm32f4xx_hal_gpio.o(.text.HAL_GPIO_Init)
    __arm_cp.0_4                             0x08000528   Number         4  stm32f4xx_hal_gpio.o(.text.HAL_GPIO_Init)
    __arm_cp.0_5                             0x0800052c   Number         4  stm32f4xx_hal_gpio.o(.text.HAL_GPIO_Init)
    __arm_cp.0_6                             0x08000530   Number         4  stm32f4xx_hal_gpio.o(.text.HAL_GPIO_Init)
    [Anonymous Symbol]                       0x08000534   Section        0  stm32f4xx_hal_gpio.o(.text.HAL_GPIO_WritePin)
    [Anonymous Symbol]                       0x08000540   Section        0  stm32f4xx_hal.o(.text.HAL_GetTick)
    [Anonymous Symbol]                       0x08000548   Section        0  stm32f4xx_hal.o(.text.HAL_IncTick)
    __arm_cp.5_0                             0x08000554   Number         4  stm32f4xx_hal.o(.text.HAL_IncTick)
    [Anonymous Symbol]                       0x08000558   Section        0  stm32f4xx_hal.o(.text.HAL_Init)
    __arm_cp.0_0                             0x08000588   Number         4  stm32f4xx_hal.o(.text.HAL_Init)
    [Anonymous Symbol]                       0x0800058c   Section        0  stm32f4xx_hal.o(.text.HAL_InitTick)
    [Anonymous Symbol]                       0x080005b0   Section        0  stm32f4xx_hal_msp.o(.text.HAL_MspInit)
    __arm_cp.0_0                             0x08000608   Number         4  stm32f4xx_hal_msp.o(.text.HAL_MspInit)
    [Anonymous Symbol]                       0x0800060c   Section        0  stm32f4xx_hal_cortex.o(.text.HAL_NVIC_EnableIRQ)
    __arm_cp.3_0                             0x08000620   Number         4  stm32f4xx_hal_cortex.o(.text.HAL_NVIC_EnableIRQ)
    [Anonymous Symbol]                       0x08000624   Section        0  stm32f4xx_hal_cortex.o(.text.HAL_NVIC_SetPriority)
    [Anonymous Symbol]                       0x08000668   Section        0  stm32f4xx_hal_cortex.o(.text.HAL_NVIC_SetPriorityGrouping)
    __arm_cp.0_0                             0x08000680   Number         4  stm32f4xx_hal_cortex.o(.text.HAL_NVIC_SetPriorityGrouping)
    __arm_cp.0_1                             0x08000684   Number         4  stm32f4xx_hal_cortex.o(.text.HAL_NVIC_SetPriorityGrouping)
    [Anonymous Symbol]                       0x08000688   Section        0  stm32f4xx_hal_rcc.o(.text.HAL_RCC_ClockConfig)
    __arm_cp.2_0                             0x080007f0   Number         4  stm32f4xx_hal_rcc.o(.text.HAL_RCC_ClockConfig)
    [Anonymous Symbol]                       0x080007f4   Section        0  stm32f4xx_hal_rcc.o(.text.HAL_RCC_GetHCLKFreq)
    [Anonymous Symbol]                       0x080007fc   Section        0  stm32f4xx_hal_rcc.o(.text.HAL_RCC_GetPCLK1Freq)
    [Anonymous Symbol]                       0x08000820   Section        0  stm32f4xx_hal_rcc.o(.text.HAL_RCC_GetPCLK2Freq)
    __arm_cp.9_0                             0x08000844   Number         4  stm32f4xx_hal_rcc.o(.text.HAL_RCC_GetPCLK2Freq)
    __arm_cp.9_1                             0x08000848   Number         4  stm32f4xx_hal_rcc.o(.text.HAL_RCC_GetPCLK2Freq)
    __arm_cp.9_2                             0x0800084c   Number         4  stm32f4xx_hal_rcc.o(.text.HAL_RCC_GetPCLK2Freq)
    [Anonymous Symbol]                       0x08000850   Section        0  stm32f4xx_hal_rcc.o(.text.HAL_RCC_GetSysClockFreq)
    __arm_cp.3_1                             0x080008b8   Number         4  stm32f4xx_hal_rcc.o(.text.HAL_RCC_GetSysClockFreq)
    __arm_cp.3_2                             0x080008bc   Number         4  stm32f4xx_hal_rcc.o(.text.HAL_RCC_GetSysClockFreq)
    [Anonymous Symbol]                       0x080008c0   Section        0  stm32f4xx_hal_rcc.o(.text.HAL_RCC_OscConfig)
    __arm_cp.1_0                             0x08000bd8   Number         4  stm32f4xx_hal_rcc.o(.text.HAL_RCC_OscConfig)
    __arm_cp.1_1                             0x08000bdc   Number         4  stm32f4xx_hal_rcc.o(.text.HAL_RCC_OscConfig)
    __arm_cp.1_2                             0x08000be0   Number         4  stm32f4xx_hal_rcc.o(.text.HAL_RCC_OscConfig)
    __arm_cp.1_3                             0x08000be4   Number         4  stm32f4xx_hal_rcc.o(.text.HAL_RCC_OscConfig)
    [Anonymous Symbol]                       0x08000be8   Section        0  stm32f4xx_hal_spi.o(.text.HAL_SPI_Init)
    [Anonymous Symbol]                       0x08000c68   Section        0  spi.o(.text.HAL_SPI_MspInit)
    __arm_cp.1_0                             0x08000cb0   Number         4  spi.o(.text.HAL_SPI_MspInit)
    [Anonymous Symbol]                       0x08000cb4   Section        0  stm32f4xx_hal_cortex.o(.text.HAL_SYSTICK_CLKSourceConfig)
    [Anonymous Symbol]                       0x08000cc8   Section        0  stm32f4xx_hal_cortex.o(.text.HAL_SYSTICK_Callback)
    [Anonymous Symbol]                       0x08000ccc   Section        0  stm32f4xx_hal_cortex.o(.text.HAL_SYSTICK_Config)
    __arm_cp.7_0                             0x08000cec   Number         4  stm32f4xx_hal_cortex.o(.text.HAL_SYSTICK_Config)
    __arm_cp.7_1                             0x08000cf0   Number         4  stm32f4xx_hal_cortex.o(.text.HAL_SYSTICK_Config)
    [Anonymous Symbol]                       0x08000cf4   Section        0  stm32f4xx_hal_cortex.o(.text.HAL_SYSTICK_IRQHandler)
    [Anonymous Symbol]                       0x08000cf8   Section        0  stm32f4xx_hal_uart.o(.text.HAL_UART_ErrorCallback)
    [Anonymous Symbol]                       0x08000cfa   Section        0  stm32f4xx_hal_uart.o(.text.HAL_UART_GetState)
    [Anonymous Symbol]                       0x08000d08   Section        0  stm32f4xx_hal_uart.o(.text.HAL_UART_IRQHandler)
    __arm_cp.37_0                            0x08000e60   Number         4  stm32f4xx_hal_uart.o(.text.HAL_UART_IRQHandler)
    [Anonymous Symbol]                       0x08000e64   Section        0  stm32f4xx_hal_uart.o(.text.HAL_UART_Init)
    [Anonymous Symbol]                       0x08000ec0   Section        0  usart.o(.text.HAL_UART_MspInit)
    __arm_cp.2_1                             0x08000f1c   Number         4  usart.o(.text.HAL_UART_MspInit)
    [Anonymous Symbol]                       0x08000f20   Section        0  stm32f4xx_hal_uart.o(.text.HAL_UART_Receive_IT)
    [Anonymous Symbol]                       0x08000f64   Section        0  usart.o(.text.HAL_UART_RxCpltCallback)
    __arm_cp.4_0                             0x08000fdc   Number         4  usart.o(.text.HAL_UART_RxCpltCallback)
    __arm_cp.4_1                             0x08000fe0   Number         4  usart.o(.text.HAL_UART_RxCpltCallback)
    __arm_cp.4_3                             0x08000ff8   Number         4  usart.o(.text.HAL_UART_RxCpltCallback)
    [Anonymous Symbol]                       0x08001000   Section        0  stm32f4xx_hal_uart.o(.text.HAL_UART_Transmit)
    [Anonymous Symbol]                       0x080010a8   Section        0  stm32f4xx_hal_uart.o(.text.HAL_UART_TxCpltCallback)
    [Anonymous Symbol]                       0x080010aa   Section        0  stm32f4xx_it.o(.text.HardFault_Handler)
    [Anonymous Symbol]                       0x080010ac   Section        0  lcd.o(.text.LCD_DrawLine)
    [Anonymous Symbol]                       0x08001150   Section        0  lcd.o(.text.LCD_DrawPoint)
    [Anonymous Symbol]                       0x08001184   Section        0  lcd.o(.text.LCD_DrawRectangle)
    __arm_cp.9_0                             0x080011bc   Number         4  lcd.o(.text.LCD_DrawRectangle)
    [Anonymous Symbol]                       0x080011c0   Section        0  lcd.o(.text.LCD_DrawSolidRectangle)
    __arm_cp.10_0                            0x0800125c   Number         4  lcd.o(.text.LCD_DrawSolidRectangle)
    __arm_cp.10_1                            0x08001260   Number         4  lcd.o(.text.LCD_DrawSolidRectangle)
    [Anonymous Symbol]                       0x08001264   Section        0  lcd.o(.text.LCD_ILI9341_CMD)
    [Anonymous Symbol]                       0x080012b0   Section        0  lcd.o(.text.LCD_ILI9341_Parameter)
    __arm_cp.1_0                             0x080012fc   Number         4  lcd.o(.text.LCD_ILI9341_Parameter)
    __arm_cp.1_1                             0x08001300   Number         4  lcd.o(.text.LCD_ILI9341_Parameter)
    __arm_cp.1_2                             0x08001304   Number         4  lcd.o(.text.LCD_ILI9341_Parameter)
    __arm_cp.1_3                             0x08001308   Number         4  lcd.o(.text.LCD_ILI9341_Parameter)
    [Anonymous Symbol]                       0x0800130c   Section        0  lcd.o(.text.LCD_ShowString)
    [Anonymous Symbol]                       0x08001330   Section        0  lcd.o(.text.LCD_Show_CH)
    __arm_cp.13_0                            0x08001434   Number         4  lcd.o(.text.LCD_Show_CH)
    __arm_cp.13_1                            0x08001438   Number         4  lcd.o(.text.LCD_Show_CH)
    __arm_cp.13_2                            0x0800143c   Number         4  lcd.o(.text.LCD_Show_CH)
    [Anonymous Symbol]                       0x08001440   Section        0  gpio.o(.text.MX_GPIO_Init)
    __arm_cp.0_0                             0x08001604   Number         4  gpio.o(.text.MX_GPIO_Init)
    __arm_cp.0_1                             0x08001608   Number         4  gpio.o(.text.MX_GPIO_Init)
    __arm_cp.0_2                             0x0800160c   Number         4  gpio.o(.text.MX_GPIO_Init)
    __arm_cp.0_3                             0x08001610   Number         4  gpio.o(.text.MX_GPIO_Init)
    [Anonymous Symbol]                       0x08001614   Section        0  spi.o(.text.MX_SPI1_Init)
    __arm_cp.0_0                             0x08001650   Number         4  spi.o(.text.MX_SPI1_Init)
    __arm_cp.0_1                             0x08001654   Number         4  spi.o(.text.MX_SPI1_Init)
    [Anonymous Symbol]                       0x08001658   Section        0  usart.o(.text.MX_USART1_UART_Init)
    __arm_cp.1_0                             0x0800168c   Number         4  usart.o(.text.MX_USART1_UART_Init)
    __arm_cp.1_1                             0x08001690   Number         4  usart.o(.text.MX_USART1_UART_Init)
    [Anonymous Symbol]                       0x08001694   Section        0  stm32f4xx_it.o(.text.MemManage_Handler)
    [Anonymous Symbol]                       0x08001696   Section        0  stm32f4xx_it.o(.text.NMI_Handler)
    [Anonymous Symbol]                       0x08001698   Section        0  stm32f4xx_hal_cortex.o(.text.NVIC_SetPriority)
    NVIC_SetPriority                         0x08001699   Thumb Code    36  stm32f4xx_hal_cortex.o(.text.NVIC_SetPriority)
    __arm_cp.2_0                             0x080016b4   Number         4  stm32f4xx_hal_cortex.o(.text.NVIC_SetPriority)
    __arm_cp.2_1                             0x080016b8   Number         4  stm32f4xx_hal_cortex.o(.text.NVIC_SetPriority)
    [Anonymous Symbol]                       0x080016bc   Section        0  stm32f4xx_it.o(.text.PendSV_Handler)
    [Anonymous Symbol]                       0x080016c0   Section        0  spi.o(.text.SPI1_ReadWriteByte)
    __arm_cp.3_0                             0x080016dc   Number         4  spi.o(.text.SPI1_ReadWriteByte)
    [Anonymous Symbol]                       0x080016e0   Section        0  flash.o(.text.SPI_FLASH_Write_Enable)
    [Anonymous Symbol]                       0x080016f4   Section        0  flash.o(.text.SPI_Flash_Erase_Sector)
    [Anonymous Symbol]                       0x08001728   Section        0  flash.o(.text.SPI_Flash_Init)
    __arm_cp.0_0                             0x08001734   Number         4  flash.o(.text.SPI_Flash_Init)
    [Anonymous Symbol]                       0x08001738   Section        0  flash.o(.text.SPI_Flash_Read)
    [Anonymous Symbol]                       0x0800177c   Section        0  flash.o(.text.SPI_Flash_ReadID)
    [Anonymous Symbol]                       0x080017ac   Section        0  flash.o(.text.SPI_Flash_ReadSR)
    [Anonymous Symbol]                       0x080017c8   Section        0  flash.o(.text.SPI_Flash_Wait_Busy)
    [Anonymous Symbol]                       0x080017d4   Section        0  flash.o(.text.SPI_Flash_Write)
    __arm_cp.10_0                            0x08001884   Number         4  flash.o(.text.SPI_Flash_Write)
    [Anonymous Symbol]                       0x08001888   Section        0  flash.o(.text.SPI_Flash_Write_NoCheck)
    [Anonymous Symbol]                       0x080018cc   Section        0  flash.o(.text.SPI_Flash_Write_Page)
    __arm_cp.7_0                             0x08001918   Number         4  flash.o(.text.SPI_Flash_Write_Page)
    __arm_cp.7_1                             0x0800191c   Number         4  flash.o(.text.SPI_Flash_Write_Page)
    [Anonymous Symbol]                       0x08001920   Section        0  stm32f4xx_it.o(.text.SVC_Handler)
    [Anonymous Symbol]                       0x08001922   Section        0  stm32f4xx_it.o(.text.SysTick_Handler)
    [Anonymous Symbol]                       0x08001930   Section        0  main.o(.text.SystemClock_Config)
    __arm_cp.1_0                             0x080019d0   Number         4  main.o(.text.SystemClock_Config)
    __arm_cp.1_1                             0x080019d4   Number         4  main.o(.text.SystemClock_Config)
    [Anonymous Symbol]                       0x080019d8   Section        0  system_stm32f4xx.o(.text.SystemInit)
    __arm_cp.0_0                             0x08001a14   Number         4  system_stm32f4xx.o(.text.SystemInit)
    __arm_cp.0_1                             0x08001a18   Number         4  system_stm32f4xx.o(.text.SystemInit)
    __arm_cp.0_2                             0x08001a1c   Number         4  system_stm32f4xx.o(.text.SystemInit)
    __arm_cp.0_3                             0x08001a20   Number         4  system_stm32f4xx.o(.text.SystemInit)
    [Anonymous Symbol]                       0x08001a24   Section        0  stm32f4xx_hal_uart.o(.text.UART_DMAAbortOnError)
    UART_DMAAbortOnError                     0x08001a25   Thumb Code    12  stm32f4xx_hal_uart.o(.text.UART_DMAAbortOnError)
    [Anonymous Symbol]                       0x08001a30   Section        0  stm32f4xx_hal_uart.o(.text.UART_EndRxTransfer)
    UART_EndRxTransfer                       0x08001a31   Thumb Code    26  stm32f4xx_hal_uart.o(.text.UART_EndRxTransfer)
    [Anonymous Symbol]                       0x08001a4a   Section        0  stm32f4xx_hal_uart.o(.text.UART_Receive_IT)
    UART_Receive_IT                          0x08001a4b   Thumb Code   116  stm32f4xx_hal_uart.o(.text.UART_Receive_IT)
    [Anonymous Symbol]                       0x08001ac0   Section        0  stm32f4xx_hal_uart.o(.text.UART_SetConfig)
    UART_SetConfig                           0x08001ac1   Thumb Code   380  stm32f4xx_hal_uart.o(.text.UART_SetConfig)
    __arm_cp.2_0                             0x08001c30   Number         4  stm32f4xx_hal_uart.o(.text.UART_SetConfig)
    __arm_cp.2_1                             0x08001c34   Number         4  stm32f4xx_hal_uart.o(.text.UART_SetConfig)
    __arm_cp.2_2                             0x08001c38   Number         4  stm32f4xx_hal_uart.o(.text.UART_SetConfig)
    [Anonymous Symbol]                       0x08001c3c   Section        0  stm32f4xx_hal_uart.o(.text.UART_WaitOnFlagUntilTimeout)
    UART_WaitOnFlagUntilTimeout              0x08001c3d   Thumb Code    88  stm32f4xx_hal_uart.o(.text.UART_WaitOnFlagUntilTimeout)
    [Anonymous Symbol]                       0x08001c94   Section        0  stm32f4xx_it.o(.text.USART1_IRQHandler)
    __arm_cp.9_0                             0x08001cbc   Number         4  stm32f4xx_it.o(.text.USART1_IRQHandler)
    __arm_cp.9_1                             0x08001cc0   Number         4  stm32f4xx_it.o(.text.USART1_IRQHandler)
    [Anonymous Symbol]                       0x08001cc4   Section        0  stm32f4xx_it.o(.text.UsageFault_Handler)
    [Anonymous Symbol]                       0x08001cc8   Section        0  usart.o(.text.fputc)
    __arm_cp.0_0                             0x08001cd8   Number         4  usart.o(.text.fputc)
    [Anonymous Symbol]                       0x08001cdc   Section        0  key.o(.text.key_scanf)
    __arm_cp.0_0                             0x08001d74   Number         4  key.o(.text.key_scanf)
    __arm_cp.0_1                             0x08001d78   Number         4  key.o(.text.key_scanf)
    __arm_cp.0_2                             0x08001d7c   Number         4  key.o(.text.key_scanf)
    [Anonymous Symbol]                       0x08001d80   Section        0  lcd.o(.text.lcd_clear)
    [Anonymous Symbol]                       0x08001dc8   Section        0  lcd.o(.text.lcd_init)
    __arm_cp.3_1                             0x08001f34   Number         4  lcd.o(.text.lcd_init)
    __arm_cp.3_2                             0x08001f38   Number         4  lcd.o(.text.lcd_init)
    __arm_cp.3_3                             0x08001f3c   Number         4  lcd.o(.text.lcd_init)
    [Anonymous Symbol]                       0x08001f40   Section        0  lcd.o(.text.lcd_send_show_data)
    __arm_cp.2_0                             0x08001fbc   Number         4  lcd.o(.text.lcd_send_show_data)
    __arm_cp.2_1                             0x08001fc0   Number         4  lcd.o(.text.lcd_send_show_data)
    __arm_cp.2_2                             0x08001fc4   Number         4  lcd.o(.text.lcd_send_show_data)
    __arm_cp.2_3                             0x08001fc8   Number         4  lcd.o(.text.lcd_send_show_data)
    [Anonymous Symbol]                       0x08001fcc   Section        0  main.o(.text.main)
    __arm_cp.0_0                             0x080021c8   Number         4  main.o(.text.main)
    __arm_cp.0_1                             0x080021cc   Number         4  main.o(.text.main)
    __arm_cp.0_2                             0x080021d0   Number         4  main.o(.text.main)
    __arm_cp.0_4                             0x080021ec   Number         4  main.o(.text.main)
    __arm_cp.0_5                             0x080021f0   Number         4  main.o(.text.main)
    __arm_cp.0_6                             0x080021f4   Number         4  main.o(.text.main)
    __arm_cp.0_8                             0x0800220c   Number         4  main.o(.text.main)
    __arm_cp.0_9                             0x08002210   Number         4  main.o(.text.main)
    __arm_cp.0_10                            0x08002214   Number         4  main.o(.text.main)
    __arm_cp.0_13                            0x08002264   Number         4  main.o(.text.main)
    [Anonymous Symbol]                       0x08002274   Section        0  lcd.o(.text.show_ascii)
    __arm_cp.11_0                            0x08002300   Number         4  lcd.o(.text.show_ascii)
    __arm_cp.11_1                            0x08002304   Number         4  lcd.o(.text.show_ascii)
    __arm_cp.11_2                            0x08002308   Number         4  lcd.o(.text.show_ascii)
    i.__0printf$5                            0x0800230c   Section        0  printf5.o(i.__0printf$5)
    i.__scatterload_copy                     0x0800232c   Section       14  handlers.o(i.__scatterload_copy)
    i.__scatterload_null                     0x0800233a   Section        2  handlers.o(i.__scatterload_null)
    i.__scatterload_zeroinit                 0x0800233c   Section       14  handlers.o(i.__scatterload_zeroinit)
    i._printf_core                           0x0800234c   Section        0  printf5.o(i._printf_core)
    _printf_core                             0x0800234d   Thumb Code   658  printf5.o(i._printf_core)
    i.puts                                   0x0800260c   Section        0  puts.o(i.puts)
    .data                                    0x20000000   Section        4  stdout.o(.data)
    [Anonymous Symbol]                       0x20000004   Section        0  lcd.o(.data..L_MergedGlobals)
    [Anonymous Symbol]                       0x20000010   Section        0  usart.o(.bss..L_MergedGlobals)
    [Anonymous Symbol]                       0x20000054   Section        0  key.o(.bss..L_MergedGlobals)
    key_scanf.key_sta                        0x20000054   Data           1  key.o(.bss..L_MergedGlobals)
    key_scanf.key_time                       0x20000055   Data           1  key.o(.bss..L_MergedGlobals)
    key_scanf.key1                           0x20000056   Data           1  key.o(.bss..L_MergedGlobals)
    key_scanf.key2                           0x20000057   Data           1  key.o(.bss..L_MergedGlobals)
    STACK                                    0x20001180   Section     1024  startup_stm32f407xx.o(STACK)

    Global Symbols

    Symbol Name                              Value     Ov Type        Size  Object(Section)

    BuildAttributes$$THM_ISAv4$E$P$D$K$B$S$7EM$VFPi3$EXTD16$VFPS$VFMA$PE$A:L22UL41UL21$X:L11$S22US41US21$IEEE1$IW$~IW$USESV6$~STKCKD$USESV7$~SHL$OSPACE$ROPI$EBA8$MICROLIB$REQ8$PRES8$EABIv2 0x00000000   Number         0  anon$$obj.o ABSOLUTE
    _printf_a                                0x00000000   Number         0  stubs.o ABSOLUTE
    _printf_c                                0x00000000   Number         0  stubs.o ABSOLUTE
    _printf_charcount                        0x00000000   Number         0  stubs.o ABSOLUTE
    _printf_d                                0x00000000   Number         0  stubs.o ABSOLUTE
    _printf_e                                0x00000000   Number         0  stubs.o ABSOLUTE
    _printf_f                                0x00000000   Number         0  stubs.o ABSOLUTE
    _printf_flags                            0x00000000   Number         0  stubs.o ABSOLUTE
    _printf_fp_dec                           0x00000000   Number         0  stubs.o ABSOLUTE
    _printf_fp_hex                           0x00000000   Number         0  stubs.o ABSOLUTE
    _printf_g                                0x00000000   Number         0  stubs.o ABSOLUTE
    _printf_i                                0x00000000   Number         0  stubs.o ABSOLUTE
    _printf_int_dec                          0x00000000   Number         0  stubs.o ABSOLUTE
    _printf_l                                0x00000000   Number         0  stubs.o ABSOLUTE
    _printf_lc                               0x00000000   Number         0  stubs.o ABSOLUTE
    _printf_ll                               0x00000000   Number         0  stubs.o ABSOLUTE
    _printf_lld                              0x00000000   Number         0  stubs.o ABSOLUTE
    _printf_lli                              0x00000000   Number         0  stubs.o ABSOLUTE
    _printf_llo                              0x00000000   Number         0  stubs.o ABSOLUTE
    _printf_llu                              0x00000000   Number         0  stubs.o ABSOLUTE
    _printf_llx                              0x00000000   Number         0  stubs.o ABSOLUTE
    _printf_longlong_dec                     0x00000000   Number         0  stubs.o ABSOLUTE
    _printf_longlong_hex                     0x00000000   Number         0  stubs.o ABSOLUTE
    _printf_longlong_oct                     0x00000000   Number         0  stubs.o ABSOLUTE
    _printf_ls                               0x00000000   Number         0  stubs.o ABSOLUTE
    _printf_mbtowc                           0x00000000   Number         0  stubs.o ABSOLUTE
    _printf_n                                0x00000000   Number         0  stubs.o ABSOLUTE
    _printf_o                                0x00000000   Number         0  stubs.o ABSOLUTE
    _printf_p                                0x00000000   Number         0  stubs.o ABSOLUTE
    _printf_percent                          0x00000000   Number         0  stubs.o ABSOLUTE
    _printf_pre_padding                      0x00000000   Number         0  stubs.o ABSOLUTE
    _printf_return_value                     0x00000000   Number         0  stubs.o ABSOLUTE
    _printf_s                                0x00000000   Number         0  stubs.o ABSOLUTE
    _printf_sizespec                         0x00000000   Number         0  stubs.o ABSOLUTE
    _printf_str                              0x00000000   Number         0  stubs.o ABSOLUTE
    _printf_truncate_signed                  0x00000000   Number         0  stubs.o ABSOLUTE
    _printf_truncate_unsigned                0x00000000   Number         0  stubs.o ABSOLUTE
    _printf_u                                0x00000000   Number         0  stubs.o ABSOLUTE
    _printf_wc                               0x00000000   Number         0  stubs.o ABSOLUTE
    _printf_wctomb                           0x00000000   Number         0  stubs.o ABSOLUTE
    _printf_widthprec                        0x00000000   Number         0  stubs.o ABSOLUTE
    _printf_x                                0x00000000   Number         0  stubs.o ABSOLUTE
    __cpp_initialize__aeabi_                  - Undefined Weak Reference
    __cxa_finalize                            - Undefined Weak Reference
    __decompress                              - Undefined Weak Reference
    _clock_init                               - Undefined Weak Reference
    _microlib_exit                            - Undefined Weak Reference
    __Vectors_Size                           0x00000188   Number         0  startup_stm32f407xx.o ABSOLUTE
    __Vectors                                0x08000000   Data           4  startup_stm32f407xx.o(RESET)
    __Vectors_End                            0x08000188   Data           0  startup_stm32f407xx.o(RESET)
    __main                                   0x08000189   Thumb Code     0  entry.o(.ARM.Collect$$$$00000000)
    _main_stk                                0x08000189   Thumb Code     0  entry2.o(.ARM.Collect$$$$00000001)
    _main_scatterload                        0x0800018d   Thumb Code     0  entry5.o(.ARM.Collect$$$$00000004)
    __main_after_scatterload                 0x08000191   Thumb Code     0  entry5.o(.ARM.Collect$$$$00000004)
    _main_clock                              0x08000191   Thumb Code     0  entry7b.o(.ARM.Collect$$$$00000008)
    _main_cpp_init                           0x08000191   Thumb Code     0  entry8b.o(.ARM.Collect$$$$0000000A)
    _main_init                               0x08000191   Thumb Code     0  entry9a.o(.ARM.Collect$$$$0000000B)
    __rt_final_cpp                           0x08000199   Thumb Code     0  entry10a.o(.ARM.Collect$$$$0000000D)
    __rt_final_exit                          0x08000199   Thumb Code     0  entry11a.o(.ARM.Collect$$$$0000000F)
    Reset_Handler                            0x0800019d   Thumb Code     8  startup_stm32f407xx.o(.text)
    ADC_IRQHandler                           0x080001b7   Thumb Code     0  startup_stm32f407xx.o(.text)
    CAN1_RX0_IRQHandler                      0x080001b7   Thumb Code     0  startup_stm32f407xx.o(.text)
    CAN1_RX1_IRQHandler                      0x080001b7   Thumb Code     0  startup_stm32f407xx.o(.text)
    CAN1_SCE_IRQHandler                      0x080001b7   Thumb Code     0  startup_stm32f407xx.o(.text)
    CAN1_TX_IRQHandler                       0x080001b7   Thumb Code     0  startup_stm32f407xx.o(.text)
    CAN2_RX0_IRQHandler                      0x080001b7   Thumb Code     0  startup_stm32f407xx.o(.text)
    CAN2_RX1_IRQHandler                      0x080001b7   Thumb Code     0  startup_stm32f407xx.o(.text)
    CAN2_SCE_IRQHandler                      0x080001b7   Thumb Code     0  startup_stm32f407xx.o(.text)
    CAN2_TX_IRQHandler                       0x080001b7   Thumb Code     0  startup_stm32f407xx.o(.text)
    DCMI_IRQHandler                          0x080001b7   Thumb Code     0  startup_stm32f407xx.o(.text)
    DMA1_Stream0_IRQHandler                  0x080001b7   Thumb Code     0  startup_stm32f407xx.o(.text)
    DMA1_Stream1_IRQHandler                  0x080001b7   Thumb Code     0  startup_stm32f407xx.o(.text)
    DMA1_Stream2_IRQHandler                  0x080001b7   Thumb Code     0  startup_stm32f407xx.o(.text)
    DMA1_Stream3_IRQHandler                  0x080001b7   Thumb Code     0  startup_stm32f407xx.o(.text)
    DMA1_Stream4_IRQHandler                  0x080001b7   Thumb Code     0  startup_stm32f407xx.o(.text)
    DMA1_Stream5_IRQHandler                  0x080001b7   Thumb Code     0  startup_stm32f407xx.o(.text)
    DMA1_Stream6_IRQHandler                  0x080001b7   Thumb Code     0  startup_stm32f407xx.o(.text)
    DMA1_Stream7_IRQHandler                  0x080001b7   Thumb Code     0  startup_stm32f407xx.o(.text)
    DMA2_Stream0_IRQHandler                  0x080001b7   Thumb Code     0  startup_stm32f407xx.o(.text)
    DMA2_Stream1_IRQHandler                  0x080001b7   Thumb Code     0  startup_stm32f407xx.o(.text)
    DMA2_Stream2_IRQHandler                  0x080001b7   Thumb Code     0  startup_stm32f407xx.o(.text)
    DMA2_Stream3_IRQHandler                  0x080001b7   Thumb Code     0  startup_stm32f407xx.o(.text)
    DMA2_Stream4_IRQHandler                  0x080001b7   Thumb Code     0  startup_stm32f407xx.o(.text)
    DMA2_Stream5_IRQHandler                  0x080001b7   Thumb Code     0  startup_stm32f407xx.o(.text)
    DMA2_Stream6_IRQHandler                  0x080001b7   Thumb Code     0  startup_stm32f407xx.o(.text)
    DMA2_Stream7_IRQHandler                  0x080001b7   Thumb Code     0  startup_stm32f407xx.o(.text)
    ETH_IRQHandler                           0x080001b7   Thumb Code     0  startup_stm32f407xx.o(.text)
    ETH_WKUP_IRQHandler                      0x080001b7   Thumb Code     0  startup_stm32f407xx.o(.text)
    EXTI0_IRQHandler                         0x080001b7   Thumb Code     0  startup_stm32f407xx.o(.text)
    EXTI15_10_IRQHandler                     0x080001b7   Thumb Code     0  startup_stm32f407xx.o(.text)
    EXTI1_IRQHandler                         0x080001b7   Thumb Code     0  startup_stm32f407xx.o(.text)
    EXTI2_IRQHandler                         0x080001b7   Thumb Code     0  startup_stm32f407xx.o(.text)
    EXTI3_IRQHandler                         0x080001b7   Thumb Code     0  startup_stm32f407xx.o(.text)
    EXTI4_IRQHandler                         0x080001b7   Thumb Code     0  startup_stm32f407xx.o(.text)
    EXTI9_5_IRQHandler                       0x080001b7   Thumb Code     0  startup_stm32f407xx.o(.text)
    FLASH_IRQHandler                         0x080001b7   Thumb Code     0  startup_stm32f407xx.o(.text)
    FMC_IRQHandler                           0x080001b7   Thumb Code     0  startup_stm32f407xx.o(.text)
    FPU_IRQHandler                           0x080001b7   Thumb Code     0  startup_stm32f407xx.o(.text)
    HASH_RNG_IRQHandler                      0x080001b7   Thumb Code     0  startup_stm32f407xx.o(.text)
    I2C1_ER_IRQHandler                       0x080001b7   Thumb Code     0  startup_stm32f407xx.o(.text)
    I2C1_EV_IRQHandler                       0x080001b7   Thumb Code     0  startup_stm32f407xx.o(.text)
    I2C2_ER_IRQHandler                       0x080001b7   Thumb Code     0  startup_stm32f407xx.o(.text)
    I2C2_EV_IRQHandler                       0x080001b7   Thumb Code     0  startup_stm32f407xx.o(.text)
    I2C3_ER_IRQHandler                       0x080001b7   Thumb Code     0  startup_stm32f407xx.o(.text)
    I2C3_EV_IRQHandler                       0x080001b7   Thumb Code     0  startup_stm32f407xx.o(.text)
    OTG_FS_IRQHandler                        0x080001b7   Thumb Code     0  startup_stm32f407xx.o(.text)
    OTG_FS_WKUP_IRQHandler                   0x080001b7   Thumb Code     0  startup_stm32f407xx.o(.text)
    OTG_HS_EP1_IN_IRQHandler                 0x080001b7   Thumb Code     0  startup_stm32f407xx.o(.text)
    OTG_HS_EP1_OUT_IRQHandler                0x080001b7   Thumb Code     0  startup_stm32f407xx.o(.text)
    OTG_HS_IRQHandler                        0x080001b7   Thumb Code     0  startup_stm32f407xx.o(.text)
    OTG_HS_WKUP_IRQHandler                   0x080001b7   Thumb Code     0  startup_stm32f407xx.o(.text)
    PVD_IRQHandler                           0x080001b7   Thumb Code     0  startup_stm32f407xx.o(.text)
    RCC_IRQHandler                           0x080001b7   Thumb Code     0  startup_stm32f407xx.o(.text)
    RTC_Alarm_IRQHandler                     0x080001b7   Thumb Code     0  startup_stm32f407xx.o(.text)
    RTC_WKUP_IRQHandler                      0x080001b7   Thumb Code     0  startup_stm32f407xx.o(.text)
    SDIO_IRQHandler                          0x080001b7   Thumb Code     0  startup_stm32f407xx.o(.text)
    SPI1_IRQHandler                          0x080001b7   Thumb Code     0  startup_stm32f407xx.o(.text)
    SPI2_IRQHandler                          0x080001b7   Thumb Code     0  startup_stm32f407xx.o(.text)
    SPI3_IRQHandler                          0x080001b7   Thumb Code     0  startup_stm32f407xx.o(.text)
    TAMP_STAMP_IRQHandler                    0x080001b7   Thumb Code     0  startup_stm32f407xx.o(.text)
    TIM1_BRK_TIM9_IRQHandler                 0x080001b7   Thumb Code     0  startup_stm32f407xx.o(.text)
    TIM1_CC_IRQHandler                       0x080001b7   Thumb Code     0  startup_stm32f407xx.o(.text)
    TIM1_TRG_COM_TIM11_IRQHandler            0x080001b7   Thumb Code     0  startup_stm32f407xx.o(.text)
    TIM1_UP_TIM10_IRQHandler                 0x080001b7   Thumb Code     0  startup_stm32f407xx.o(.text)
    TIM2_IRQHandler                          0x080001b7   Thumb Code     0  startup_stm32f407xx.o(.text)
    TIM3_IRQHandler                          0x080001b7   Thumb Code     0  startup_stm32f407xx.o(.text)
    TIM4_IRQHandler                          0x080001b7   Thumb Code     0  startup_stm32f407xx.o(.text)
    TIM5_IRQHandler                          0x080001b7   Thumb Code     0  startup_stm32f407xx.o(.text)
    TIM6_DAC_IRQHandler                      0x080001b7   Thumb Code     0  startup_stm32f407xx.o(.text)
    TIM7_IRQHandler                          0x080001b7   Thumb Code     0  startup_stm32f407xx.o(.text)
    TIM8_BRK_TIM12_IRQHandler                0x080001b7   Thumb Code     0  startup_stm32f407xx.o(.text)
    TIM8_CC_IRQHandler                       0x080001b7   Thumb Code     0  startup_stm32f407xx.o(.text)
    TIM8_TRG_COM_TIM14_IRQHandler            0x080001b7   Thumb Code     0  startup_stm32f407xx.o(.text)
    TIM8_UP_TIM13_IRQHandler                 0x080001b7   Thumb Code     0  startup_stm32f407xx.o(.text)
    UART4_IRQHandler                         0x080001b7   Thumb Code     0  startup_stm32f407xx.o(.text)
    UART5_IRQHandler                         0x080001b7   Thumb Code     0  startup_stm32f407xx.o(.text)
    USART2_IRQHandler                        0x080001b7   Thumb Code     0  startup_stm32f407xx.o(.text)
    USART3_IRQHandler                        0x080001b7   Thumb Code     0  startup_stm32f407xx.o(.text)
    USART6_IRQHandler                        0x080001b7   Thumb Code     0  startup_stm32f407xx.o(.text)
    WWDG_IRQHandler                          0x080001b7   Thumb Code     0  startup_stm32f407xx.o(.text)
    __aeabi_uldivmod                         0x080001c1   Thumb Code    98  uldiv.o(.text)
    __scatterload                            0x08000225   Thumb Code    28  init.o(.text)
    __scatterload_rt2                        0x08000225   Thumb Code     0  init.o(.text)
    __aeabi_llsl                             0x08000249   Thumb Code    30  llshl.o(.text)
    _ll_shift_l                              0x08000249   Thumb Code     0  llshl.o(.text)
    __aeabi_llsr                             0x08000267   Thumb Code    32  llushr.o(.text)
    _ll_ushift_r                             0x08000267   Thumb Code     0  llushr.o(.text)
    BusFault_Handler                         0x08000287   Thumb Code     2  stm32f4xx_it.o(.text.BusFault_Handler)
    DebugMon_Handler                         0x08000289   Thumb Code     2  stm32f4xx_it.o(.text.DebugMon_Handler)
    Draw_Circle                              0x0800028d   Thumb Code   184  lcd.o(.text.Draw_Circle)
    Draw_SolidCircle                         0x08000345   Thumb Code    28  lcd.o(.text.Draw_SolidCircle)
    Error_Handler                            0x08000361   Thumb Code     2  main.o(.text.Error_Handler)
    HAL_DMA_Abort_IT                         0x08000363   Thumb Code    36  stm32f4xx_hal_dma.o(.text.HAL_DMA_Abort_IT)
    HAL_Delay                                0x08000387   Thumb Code    24  stm32f4xx_hal.o(.text.HAL_Delay)
    HAL_GPIO_Init                            0x080003a1   Thumb Code   404  stm32f4xx_hal_gpio.o(.text.HAL_GPIO_Init)
    HAL_GPIO_WritePin                        0x08000535   Thumb Code    10  stm32f4xx_hal_gpio.o(.text.HAL_GPIO_WritePin)
    HAL_GetTick                              0x08000541   Thumb Code    12  stm32f4xx_hal.o(.text.HAL_GetTick)
    HAL_IncTick                              0x08000549   Thumb Code    16  stm32f4xx_hal.o(.text.HAL_IncTick)
    HAL_Init                                 0x08000559   Thumb Code    52  stm32f4xx_hal.o(.text.HAL_Init)
    HAL_InitTick                             0x0800058d   Thumb Code    40  stm32f4xx_hal.o(.text.HAL_InitTick)
    HAL_MspInit                              0x080005b1   Thumb Code    92  stm32f4xx_hal_msp.o(.text.HAL_MspInit)
    HAL_NVIC_EnableIRQ                       0x0800060d   Thumb Code    24  stm32f4xx_hal_cortex.o(.text.HAL_NVIC_EnableIRQ)
    HAL_NVIC_SetPriority                     0x08000625   Thumb Code    72  stm32f4xx_hal_cortex.o(.text.HAL_NVIC_SetPriority)
    HAL_NVIC_SetPriorityGrouping             0x08000669   Thumb Code    32  stm32f4xx_hal_cortex.o(.text.HAL_NVIC_SetPriorityGrouping)
    HAL_RCC_ClockConfig                      0x08000689   Thumb Code   372  stm32f4xx_hal_rcc.o(.text.HAL_RCC_ClockConfig)
    HAL_RCC_GetHCLKFreq                      0x080007f5   Thumb Code    12  stm32f4xx_hal_rcc.o(.text.HAL_RCC_GetHCLKFreq)
    HAL_RCC_GetPCLK1Freq                     0x080007fd   Thumb Code    48  stm32f4xx_hal_rcc.o(.text.HAL_RCC_GetPCLK1Freq)
    HAL_RCC_GetPCLK2Freq                     0x08000821   Thumb Code    48  stm32f4xx_hal_rcc.o(.text.HAL_RCC_GetPCLK2Freq)
    HAL_RCC_GetSysClockFreq                  0x08000851   Thumb Code   116  stm32f4xx_hal_rcc.o(.text.HAL_RCC_GetSysClockFreq)
    HAL_RCC_OscConfig                        0x080008c1   Thumb Code   808  stm32f4xx_hal_rcc.o(.text.HAL_RCC_OscConfig)
    HAL_SPI_Init                             0x08000be9   Thumb Code   126  stm32f4xx_hal_spi.o(.text.HAL_SPI_Init)
    HAL_SPI_MspInit                          0x08000c69   Thumb Code    80  spi.o(.text.HAL_SPI_MspInit)
    HAL_SYSTICK_CLKSourceConfig              0x08000cb5   Thumb Code    24  stm32f4xx_hal_cortex.o(.text.HAL_SYSTICK_CLKSourceConfig)
    HAL_SYSTICK_Callback                     0x08000cc9   Thumb Code     2  stm32f4xx_hal_cortex.o(.text.HAL_SYSTICK_Callback)
    HAL_SYSTICK_Config                       0x08000ccd   Thumb Code    40  stm32f4xx_hal_cortex.o(.text.HAL_SYSTICK_Config)
    HAL_SYSTICK_IRQHandler                   0x08000cf5   Thumb Code     4  stm32f4xx_hal_cortex.o(.text.HAL_SYSTICK_IRQHandler)
    HAL_UART_ErrorCallback                   0x08000cf9   Thumb Code     2  stm32f4xx_hal_uart.o(.text.HAL_UART_ErrorCallback)
    HAL_UART_GetState                        0x08000cfb   Thumb Code    14  stm32f4xx_hal_uart.o(.text.HAL_UART_GetState)
    HAL_UART_IRQHandler                      0x08000d09   Thumb Code   348  stm32f4xx_hal_uart.o(.text.HAL_UART_IRQHandler)
    HAL_UART_Init                            0x08000e65   Thumb Code    92  stm32f4xx_hal_uart.o(.text.HAL_UART_Init)
    HAL_UART_MspInit                         0x08000ec1   Thumb Code   100  usart.o(.text.HAL_UART_MspInit)
    HAL_UART_Receive_IT                      0x08000f21   Thumb Code    68  stm32f4xx_hal_uart.o(.text.HAL_UART_Receive_IT)
    HAL_UART_RxCpltCallback                  0x08000f65   Thumb Code   156  usart.o(.text.HAL_UART_RxCpltCallback)
    HAL_UART_Transmit                        0x08001001   Thumb Code   168  stm32f4xx_hal_uart.o(.text.HAL_UART_Transmit)
    HAL_UART_TxCpltCallback                  0x080010a9   Thumb Code     2  stm32f4xx_hal_uart.o(.text.HAL_UART_TxCpltCallback)
    HardFault_Handler                        0x080010ab   Thumb Code     2  stm32f4xx_it.o(.text.HardFault_Handler)
    LCD_DrawLine                             0x080010ad   Thumb Code   162  lcd.o(.text.LCD_DrawLine)
    LCD_DrawPoint                            0x08001151   Thumb Code    64  lcd.o(.text.LCD_DrawPoint)
    LCD_DrawRectangle                        0x08001185   Thumb Code    60  lcd.o(.text.LCD_DrawRectangle)
    LCD_DrawSolidRectangle                   0x080011c1   Thumb Code   164  lcd.o(.text.LCD_DrawSolidRectangle)
    LCD_ILI9341_CMD                          0x08001265   Thumb Code    92  lcd.o(.text.LCD_ILI9341_CMD)
    LCD_ILI9341_Parameter                    0x080012b1   Thumb Code    92  lcd.o(.text.LCD_ILI9341_Parameter)
    LCD_ShowString                           0x0800130d   Thumb Code    36  lcd.o(.text.LCD_ShowString)
    LCD_Show_CH                              0x08001331   Thumb Code   272  lcd.o(.text.LCD_Show_CH)
    MX_GPIO_Init                             0x08001441   Thumb Code   468  gpio.o(.text.MX_GPIO_Init)
    MX_SPI1_Init                             0x08001615   Thumb Code    68  spi.o(.text.MX_SPI1_Init)
    MX_USART1_UART_Init                      0x08001659   Thumb Code    60  usart.o(.text.MX_USART1_UART_Init)
    MemManage_Handler                        0x08001695   Thumb Code     2  stm32f4xx_it.o(.text.MemManage_Handler)
    NMI_Handler                              0x08001697   Thumb Code     2  stm32f4xx_it.o(.text.NMI_Handler)
    PendSV_Handler                           0x080016bd   Thumb Code     2  stm32f4xx_it.o(.text.PendSV_Handler)
    SPI1_ReadWriteByte                       0x080016c1   Thumb Code    32  spi.o(.text.SPI1_ReadWriteByte)
    SPI_FLASH_Write_Enable                   0x080016e1   Thumb Code    24  flash.o(.text.SPI_FLASH_Write_Enable)
    SPI_Flash_Erase_Sector                   0x080016f5   Thumb Code    60  flash.o(.text.SPI_Flash_Erase_Sector)
    SPI_Flash_Init                           0x08001729   Thumb Code    16  flash.o(.text.SPI_Flash_Init)
    SPI_Flash_Read                           0x08001739   Thumb Code    76  flash.o(.text.SPI_Flash_Read)
    SPI_Flash_ReadID                         0x0800177d   Thumb Code    56  flash.o(.text.SPI_Flash_ReadID)
    SPI_Flash_ReadSR                         0x080017ad   Thumb Code    32  flash.o(.text.SPI_Flash_ReadSR)
    SPI_Flash_Wait_Busy                      0x080017c9   Thumb Code    12  flash.o(.text.SPI_Flash_Wait_Busy)
    SPI_Flash_Write                          0x080017d5   Thumb Code   180  flash.o(.text.SPI_Flash_Write)
    SPI_Flash_Write_NoCheck                  0x08001889   Thumb Code    66  flash.o(.text.SPI_Flash_Write_NoCheck)
    SPI_Flash_Write_Page                     0x080018cd   Thumb Code    84  flash.o(.text.SPI_Flash_Write_Page)
    SVC_Handler                              0x08001921   Thumb Code     2  stm32f4xx_it.o(.text.SVC_Handler)
    SysTick_Handler                          0x08001923   Thumb Code    14  stm32f4xx_it.o(.text.SysTick_Handler)
    SystemClock_Config                       0x08001931   Thumb Code   168  main.o(.text.SystemClock_Config)
    SystemInit                               0x080019d9   Thumb Code    76  system_stm32f4xx.o(.text.SystemInit)
    USART1_IRQHandler                        0x08001c95   Thumb Code    48  stm32f4xx_it.o(.text.USART1_IRQHandler)
    UsageFault_Handler                       0x08001cc5   Thumb Code     2  stm32f4xx_it.o(.text.UsageFault_Handler)
    fputc                                    0x08001cc9   Thumb Code    20  usart.o(.text.fputc)
    key_scanf                                0x08001cdd   Thumb Code   164  key.o(.text.key_scanf)
    lcd_clear                                0x08001d81   Thumb Code    80  lcd.o(.text.lcd_clear)
    lcd_init                                 0x08001dc9   Thumb Code   380  lcd.o(.text.lcd_init)
    lcd_send_show_data                       0x08001f41   Thumb Code   140  lcd.o(.text.lcd_send_show_data)
    main                                     0x08001fcd   Thumb Code   680  main.o(.text.main)
    show_ascii                               0x08002275   Thumb Code   152  lcd.o(.text.show_ascii)
    __0printf$5                              0x0800230d   Thumb Code    22  printf5.o(i.__0printf$5)
    __1printf$5                              0x0800230d   Thumb Code     0  printf5.o(i.__0printf$5)
    __2printf                                0x0800230d   Thumb Code     0  printf5.o(i.__0printf$5)
    __scatterload_copy                       0x0800232d   Thumb Code    14  handlers.o(i.__scatterload_copy)
    __scatterload_null                       0x0800233b   Thumb Code     2  handlers.o(i.__scatterload_null)
    __scatterload_zeroinit                   0x0800233d   Thumb Code    14  handlers.o(i.__scatterload_zeroinit)
    puts                                     0x0800260d   Thumb Code    30  puts.o(i.puts)
    APBAHBPrescTable                         0x08002630   Data          16  stm32f4xx_hal_rcc.o(.rodata.APBAHBPrescTable)
    ASC_II                                   0x08002640   Data        1520  font.o(.rodata.ASC_II)
    HZ                                       0x08002c30   Data          96  font.o(.rodata.HZ)
    Region$$Table$$Base                      0x08002c90   Number         0  anon$$obj.o(Region$$Table)
    Region$$Table$$Limit                     0x08002cb0   Number         0  anon$$obj.o(Region$$Table)
    __stdout                                 0x20000000   Data           4  stdout.o(.data)
    BACK_COLOR                               0x20000004   Data           2  lcd.o(.data..L_MergedGlobals)
    POINT_COLOR                              0x20000006   Data           2  lcd.o(.data..L_MergedGlobals)
    SPI_FLASH_TYPE                           0x20000008   Data           2  flash.o(.data.SPI_FLASH_TYPE)
    SystemCoreClock                          0x2000000c   Data           4  system_stm32f4xx.o(.data.SystemCoreClock)
    aRxBuffer                                0x20000010   Data           1  usart.o(.bss..L_MergedGlobals)
    len                                      0x20000011   Data           1  usart.o(.bss..L_MergedGlobals)
    USART_RX_STA                             0x20000012   Data           2  usart.o(.bss..L_MergedGlobals)
    huart1                                   0x20000014   Data          64  usart.o(.bss..L_MergedGlobals)
    SPI_FLASH_BUFFER                         0x20000058   Data        4096  flash.o(.bss.SPI_FLASH_BUFFER)
    hspi1                                    0x20001058   Data          88  spi.o(.bss.hspi1)
    rec_data_buf                             0x200010b0   Data         200  usart.o(.bss.rec_data_buf)
    uwTick                                   0x20001178   Data           4  stm32f4xx_hal.o(.bss.uwTick)
    __initial_sp                             0x20001580   Data           0  startup_stm32f407xx.o(STACK)



==============================================================================

Memory Map of the image

  Image Entry point : 0x08000189

  Load Region LR_IROM1 (Base: 0x08000000, Size: 0x00002cc0, Max: 0x00100000, ABSOLUTE)

    Execution Region ER_IROM1 (Exec base: 0x08000000, Load base: 0x08000000, Size: 0x00002cb0, Max: 0x00100000, ABSOLUTE)

    Exec Addr    Load Addr    Size         Type   Attr      Idx    E Section Name        Object

    0x08000000   0x08000000   0x00000188   Data   RO          831    RESET               startup_stm32f407xx.o
    0x08000188   0x08000188   0x00000000   Code   RO          856  * .ARM.Collect$$$$00000000  mc_w.l(entry.o)
    0x08000188   0x08000188   0x00000004   Code   RO         1126    .ARM.Collect$$$$00000001  mc_w.l(entry2.o)
    0x0800018c   0x0800018c   0x00000004   Code   RO         1129    .ARM.Collect$$$$00000004  mc_w.l(entry5.o)
    0x08000190   0x08000190   0x00000000   Code   RO         1131    .ARM.Collect$$$$00000008  mc_w.l(entry7b.o)
    0x08000190   0x08000190   0x00000000   Code   RO         1133    .ARM.Collect$$$$0000000A  mc_w.l(entry8b.o)
    0x08000190   0x08000190   0x00000008   Code   RO         1134    .ARM.Collect$$$$0000000B  mc_w.l(entry9a.o)
    0x08000198   0x08000198   0x00000000   Code   RO         1136    .ARM.Collect$$$$0000000D  mc_w.l(entry10a.o)
    0x08000198   0x08000198   0x00000000   Code   RO         1138    .ARM.Collect$$$$0000000F  mc_w.l(entry11a.o)
    0x08000198   0x08000198   0x00000004   Code   RO         1127    .ARM.Collect$$$$00002712  mc_w.l(entry2.o)
    0x0800019c   0x0800019c   0x00000024   Code   RO          832    .text               startup_stm32f407xx.o
    0x080001c0   0x080001c0   0x00000062   Code   RO         1143    .text               mc_w.l(uldiv.o)
    0x08000222   0x08000222   0x00000002   PAD
    0x08000224   0x08000224   0x00000024   Code   RO         1156    .text               mc_w.l(init.o)
    0x08000248   0x08000248   0x0000001e   Code   RO         1158    .text               mc_w.l(llshl.o)
    0x08000266   0x08000266   0x00000020   Code   RO         1160    .text               mc_w.l(llushr.o)
    0x08000286   0x08000286   0x00000002   Code   RO            8    .text.BusFault_Handler  stm32f4xx_it.o
    0x08000288   0x08000288   0x00000002   Code   RO           14    .text.DebugMon_Handler  stm32f4xx_it.o
    0x0800028a   0x0800028a   0x00000002   PAD
    0x0800028c   0x0800028c   0x000000b8   Code   RO          199    .text.Draw_Circle   lcd.o
    0x08000344   0x08000344   0x0000001c   Code   RO          201    .text.Draw_SolidCircle  lcd.o
    0x08000360   0x08000360   0x00000002   Code   RO           56    .text.Error_Handler  main.o
    0x08000362   0x08000362   0x00000024   Code   RO          514    .text.HAL_DMA_Abort_IT  stm32f4xx_hal_dma.o
    0x08000386   0x08000386   0x00000018   Code   RO          610    .text.HAL_Delay     stm32f4xx_hal.o
    0x0800039e   0x0800039e   0x00000002   PAD
    0x080003a0   0x080003a0   0x00000194   Code   RO          380    .text.HAL_GPIO_Init  stm32f4xx_hal_gpio.o
    0x08000534   0x08000534   0x0000000a   Code   RO          386    .text.HAL_GPIO_WritePin  stm32f4xx_hal_gpio.o
    0x0800053e   0x0800053e   0x00000002   PAD
    0x08000540   0x08000540   0x00000008   Code   RO          608    .text.HAL_GetTick   stm32f4xx_hal.o
    0x08000548   0x08000548   0x00000010   Code   RO          606    .text.HAL_IncTick   stm32f4xx_hal.o
    0x08000558   0x08000558   0x00000034   Code   RO          596    .text.HAL_Init      stm32f4xx_hal.o
    0x0800058c   0x0800058c   0x00000024   Code   RO          598    .text.HAL_InitTick  stm32f4xx_hal.o
    0x080005b0   0x080005b0   0x0000005c   Code   RO           70    .text.HAL_MspInit   stm32f4xx_hal_msp.o
    0x0800060c   0x0800060c   0x00000018   Code   RO          233    .text.HAL_NVIC_EnableIRQ  stm32f4xx_hal_cortex.o
    0x08000624   0x08000624   0x00000044   Code   RO          229    .text.HAL_NVIC_SetPriority  stm32f4xx_hal_cortex.o
    0x08000668   0x08000668   0x00000020   Code   RO          227    .text.HAL_NVIC_SetPriorityGrouping  stm32f4xx_hal_cortex.o
    0x08000688   0x08000688   0x0000016c   Code   RO          560    .text.HAL_RCC_ClockConfig  stm32f4xx_hal_rcc.o
    0x080007f4   0x080007f4   0x00000008   Code   RO          570    .text.HAL_RCC_GetHCLKFreq  stm32f4xx_hal_rcc.o
    0x080007fc   0x080007fc   0x00000024   Code   RO          572    .text.HAL_RCC_GetPCLK1Freq  stm32f4xx_hal_rcc.o
    0x08000820   0x08000820   0x00000030   Code   RO          574    .text.HAL_RCC_GetPCLK2Freq  stm32f4xx_hal_rcc.o
    0x08000850   0x08000850   0x00000070   Code   RO          562    .text.HAL_RCC_GetSysClockFreq  stm32f4xx_hal_rcc.o
    0x080008c0   0x080008c0   0x00000328   Code   RO          558    .text.HAL_RCC_OscConfig  stm32f4xx_hal_rcc.o
    0x08000be8   0x08000be8   0x0000007e   Code   RO          275    .text.HAL_SPI_Init  stm32f4xx_hal_spi.o
    0x08000c66   0x08000c66   0x00000002   PAD
    0x08000c68   0x08000c68   0x0000004c   Code   RO           34    .text.HAL_SPI_MspInit  spi.o
    0x08000cb4   0x08000cb4   0x00000014   Code   RO          257    .text.HAL_SYSTICK_CLKSourceConfig  stm32f4xx_hal_cortex.o
    0x08000cc8   0x08000cc8   0x00000002   Code   RO          261    .text.HAL_SYSTICK_Callback  stm32f4xx_hal_cortex.o
    0x08000cca   0x08000cca   0x00000002   PAD
    0x08000ccc   0x08000ccc   0x00000028   Code   RO          241    .text.HAL_SYSTICK_Config  stm32f4xx_hal_cortex.o
    0x08000cf4   0x08000cf4   0x00000004   Code   RO          259    .text.HAL_SYSTICK_IRQHandler  stm32f4xx_hal_cortex.o
    0x08000cf8   0x08000cf8   0x00000002   Code   RO          749    .text.HAL_UART_ErrorCallback  stm32f4xx_hal_uart.o
    0x08000cfa   0x08000cfa   0x0000000e   Code   RO          769    .text.HAL_UART_GetState  stm32f4xx_hal_uart.o
    0x08000d08   0x08000d08   0x0000015c   Code   RO          743    .text.HAL_UART_IRQHandler  stm32f4xx_hal_uart.o
    0x08000e64   0x08000e64   0x0000005c   Code   RO          669    .text.HAL_UART_Init  stm32f4xx_hal_uart.o
    0x08000ec0   0x08000ec0   0x00000060   Code   RO           99    .text.HAL_UART_MspInit  usart.o
    0x08000f20   0x08000f20   0x00000044   Code   RO          693    .text.HAL_UART_Receive_IT  stm32f4xx_hal_uart.o
    0x08000f64   0x08000f64   0x0000009c   Code   RO          103    .text.HAL_UART_RxCpltCallback  usart.o
    0x08001000   0x08001000   0x000000a8   Code   RO          685    .text.HAL_UART_Transmit  stm32f4xx_hal_uart.o
    0x080010a8   0x080010a8   0x00000002   Code   RO          751    .text.HAL_UART_TxCpltCallback  stm32f4xx_hal_uart.o
    0x080010aa   0x080010aa   0x00000002   Code   RO            4    .text.HardFault_Handler  stm32f4xx_it.o
    0x080010ac   0x080010ac   0x000000a2   Code   RO          203    .text.LCD_DrawLine  lcd.o
    0x0800114e   0x0800114e   0x00000002   PAD
    0x08001150   0x08001150   0x00000034   Code   RO          197    .text.LCD_DrawPoint  lcd.o
    0x08001184   0x08001184   0x0000003c   Code   RO          205    .text.LCD_DrawRectangle  lcd.o
    0x080011c0   0x080011c0   0x000000a4   Code   RO          207    .text.LCD_DrawSolidRectangle  lcd.o
    0x08001264   0x08001264   0x0000004c   Code   RO          187    .text.LCD_ILI9341_CMD  lcd.o
    0x080012b0   0x080012b0   0x0000005c   Code   RO          189    .text.LCD_ILI9341_Parameter  lcd.o
    0x0800130c   0x0800130c   0x00000024   Code   RO          211    .text.LCD_ShowString  lcd.o
    0x08001330   0x08001330   0x00000110   Code   RO          213    .text.LCD_Show_CH   lcd.o
    0x08001440   0x08001440   0x000001d4   Code   RO           82    .text.MX_GPIO_Init  gpio.o
    0x08001614   0x08001614   0x00000044   Code   RO           32    .text.MX_SPI1_Init  spi.o
    0x08001658   0x08001658   0x0000003c   Code   RO           97    .text.MX_USART1_UART_Init  usart.o
    0x08001694   0x08001694   0x00000002   Code   RO            6    .text.MemManage_Handler  stm32f4xx_it.o
    0x08001696   0x08001696   0x00000002   Code   RO            2    .text.NMI_Handler   stm32f4xx_it.o
    0x08001698   0x08001698   0x00000024   Code   RO          231    .text.NVIC_SetPriority  stm32f4xx_hal_cortex.o
    0x080016bc   0x080016bc   0x00000002   Code   RO           16    .text.PendSV_Handler  stm32f4xx_it.o
    0x080016be   0x080016be   0x00000002   PAD
    0x080016c0   0x080016c0   0x00000020   Code   RO           38    .text.SPI1_ReadWriteByte  spi.o
    0x080016e0   0x080016e0   0x00000014   Code   RO          139    .text.SPI_FLASH_Write_Enable  flash.o
    0x080016f4   0x080016f4   0x00000034   Code   RO          153    .text.SPI_Flash_Erase_Sector  flash.o
    0x08001728   0x08001728   0x00000010   Code   RO          131    .text.SPI_Flash_Init  flash.o
    0x08001738   0x08001738   0x00000044   Code   RO          143    .text.SPI_Flash_Read  flash.o
    0x0800177c   0x0800177c   0x00000030   Code   RO          133    .text.SPI_Flash_ReadID  flash.o
    0x080017ac   0x080017ac   0x0000001c   Code   RO          135    .text.SPI_Flash_ReadSR  flash.o
    0x080017c8   0x080017c8   0x0000000c   Code   RO          147    .text.SPI_Flash_Wait_Busy  flash.o
    0x080017d4   0x080017d4   0x000000b4   Code   RO          151    .text.SPI_Flash_Write  flash.o
    0x08001888   0x08001888   0x00000042   Code   RO          149    .text.SPI_Flash_Write_NoCheck  flash.o
    0x080018ca   0x080018ca   0x00000002   PAD
    0x080018cc   0x080018cc   0x00000054   Code   RO          145    .text.SPI_Flash_Write_Page  flash.o
    0x08001920   0x08001920   0x00000002   Code   RO           12    .text.SVC_Handler   stm32f4xx_it.o
    0x08001922   0x08001922   0x0000000e   Code   RO           18    .text.SysTick_Handler  stm32f4xx_it.o
    0x08001930   0x08001930   0x000000a8   Code   RO           54    .text.SystemClock_Config  main.o
    0x080019d8   0x080019d8   0x0000004c   Code   RO          839    .text.SystemInit    system_stm32f4xx.o
    0x08001a24   0x08001a24   0x0000000c   Code   RO          747    .text.UART_DMAAbortOnError  stm32f4xx_hal_uart.o
    0x08001a30   0x08001a30   0x0000001a   Code   RO          715    .text.UART_EndRxTransfer  stm32f4xx_hal_uart.o
    0x08001a4a   0x08001a4a   0x00000074   Code   RO          745    .text.UART_Receive_IT  stm32f4xx_hal_uart.o
    0x08001abe   0x08001abe   0x00000002   PAD
    0x08001ac0   0x08001ac0   0x0000017c   Code   RO          673    .text.UART_SetConfig  stm32f4xx_hal_uart.o
    0x08001c3c   0x08001c3c   0x00000058   Code   RO          687    .text.UART_WaitOnFlagUntilTimeout  stm32f4xx_hal_uart.o
    0x08001c94   0x08001c94   0x00000030   Code   RO           20    .text.USART1_IRQHandler  stm32f4xx_it.o
    0x08001cc4   0x08001cc4   0x00000002   Code   RO           10    .text.UsageFault_Handler  stm32f4xx_it.o
    0x08001cc6   0x08001cc6   0x00000002   PAD
    0x08001cc8   0x08001cc8   0x00000014   Code   RO           95    .text.fputc         usart.o
    0x08001cdc   0x08001cdc   0x000000a4   Code   RO          118    .text.key_scanf     key.o
    0x08001d80   0x08001d80   0x00000048   Code   RO          195    .text.lcd_clear     lcd.o
    0x08001dc8   0x08001dc8   0x00000178   Code   RO          193    .text.lcd_init      lcd.o
    0x08001f40   0x08001f40   0x0000008c   Code   RO          191    .text.lcd_send_show_data  lcd.o
    0x08001fcc   0x08001fcc   0x000002a8   Code   RO           52    .text.main          main.o
    0x08002274   0x08002274   0x00000098   Code   RO          209    .text.show_ascii    lcd.o
    0x0800230c   0x0800230c   0x00000020   Code   RO          998    i.__0printf$5       mc_w.l(printf5.o)
    0x0800232c   0x0800232c   0x0000000e   Code   RO         1168    i.__scatterload_copy  mc_w.l(handlers.o)
    0x0800233a   0x0800233a   0x00000002   Code   RO         1169    i.__scatterload_null  mc_w.l(handlers.o)
    0x0800233c   0x0800233c   0x0000000e   Code   RO         1170    i.__scatterload_zeroinit  mc_w.l(handlers.o)
    0x0800234a   0x0800234a   0x00000002   PAD
    0x0800234c   0x0800234c   0x000002c0   Code   RO         1005    i._printf_core      mc_w.l(printf5.o)
    0x0800260c   0x0800260c   0x00000024   Code   RO          859    i.puts              mc_w.l(puts.o)
    0x08002630   0x08002630   0x00000010   Data   RO          584    .rodata.APBAHBPrescTable  stm32f4xx_hal_rcc.o
    0x08002640   0x08002640   0x000005f0   Data   RO          176    .rodata.ASC_II      font.o
    0x08002c30   0x08002c30   0x00000060   Data   RO          177    .rodata.HZ          font.o
    0x08002c90   0x08002c90   0x00000020   Data   RO         1166    Region$$Table       anon$$obj.o


    Execution Region RW_IRAM1 (Exec base: 0x20000000, Load base: 0x08002cb0, Size: 0x00001580, Max: 0x00020000, ABSOLUTE)

    Exec Addr    Load Addr    Size         Type   Attr      Idx    E Section Name        Object

    0x20000000   0x08002cb0   0x00000004   Data   RW         1140    .data               mc_w.l(stdout.o)
    0x20000004   0x08002cb4   0x00000004   Data   RW          215    .data..L_MergedGlobals  lcd.o
    0x20000008   0x08002cb8   0x00000002   Data   RW          163    .data.SPI_FLASH_TYPE  flash.o
    0x2000000a   0x08002cba   0x00000002   PAD
    0x2000000c   0x08002cbc   0x00000004   Data   RW          843    .data.SystemCoreClock  system_stm32f4xx.o
    0x20000010        -       0x00000044   Zero   RW          106    .bss..L_MergedGlobals  usart.o
    0x20000054        -       0x00000004   Zero   RW          120    .bss..L_MergedGlobals  key.o
    0x20000058        -       0x00001000   Zero   RW          164    .bss.SPI_FLASH_BUFFER  flash.o
    0x20001058        -       0x00000058   Zero   RW           40    .bss.hspi1          spi.o
    0x200010b0        -       0x000000c8   Zero   RW          105    .bss.rec_data_buf   usart.o
    0x20001178        -       0x00000004   Zero   RW          638    .bss.uwTick         stm32f4xx_hal.o
    0x2000117c   0x08002cc0   0x00000004   PAD
    0x20001180        -       0x00000400   Zero   RW          829    STACK               startup_stm32f407xx.o


==============================================================================

Image component sizes


      Code (inc. data)   RO Data    RW Data    ZI Data      Debug   Object Name

       574         16          0          2       4096       4654   flash.o
         0          0       1616          0          0        620   font.o
       468         16          0          0          0       2842   gpio.o
       164         12          0          0          4       1091   key.o
      1866         84          0          4          0       6777   lcd.o
       850        180          0          0          0       5373   main.o
       176         16          0          0         88       5596   spi.o
        36          8        392          0       1024        828   startup_stm32f407xx.o
       136          8          0          0          4       7321   stm32f4xx_hal.o
       226         28          0          0          0      10499   stm32f4xx_hal_cortex.o
        36          0          0          0          0       8671   stm32f4xx_hal_dma.o
       414         28          0          0          0       5387   stm32f4xx_hal_gpio.o
        92          4          0          0          0       2510   stm32f4xx_hal_msp.o
      1376         40         16          0          0       9114   stm32f4xx_hal_rcc.o
       126          0          0          0          0      17578   stm32f4xx_hal_spi.o
      1316         16          0          0          0      17134   stm32f4xx_hal_uart.o
        78          8          0          0          0       2161   stm32f4xx_it.o
        76         16          0          4          0       2791   system_stm32f4xx.o
       332         52          0          0        268       8099   usart.o

    ----------------------------------------------------------------------
      8362        532       2056         12       5488     119046   Object Totals
         0          0         32          0          0          0   (incl. Generated)
        20          0          0          2          4          0   (incl. Padding)

    ----------------------------------------------------------------------

      Code (inc. data)   RO Data    RW Data    ZI Data      Debug   Library Member Name

         0          0          0          0          0          0   entry.o
         0          0          0          0          0          0   entry10a.o
         0          0          0          0          0          0   entry11a.o
         8          4          0          0          0          0   entry2.o
         4          0          0          0          0          0   entry5.o
         0          0          0          0          0          0   entry7b.o
         0          0          0          0          0          0   entry8b.o
         8          4          0          0          0          0   entry9a.o
        30          0          0          0          0          0   handlers.o
        36          8          0          0          0         68   init.o
        30          0          0          0          0         68   llshl.o
        32          0          0          0          0         68   llushr.o
       736         56          0          0          0        184   printf5.o
        36          6          0          0          0         80   puts.o
         0          0          0          4          0          0   stdout.o
        98          0          0          0          0         92   uldiv.o

    ----------------------------------------------------------------------
      1022         78          0          4          0        560   Library Totals
         4          0          0          0          0          0   (incl. Padding)

    ----------------------------------------------------------------------

      Code (inc. data)   RO Data    RW Data    ZI Data      Debug   Library Name

      1018         78          0          4          0        560   mc_w.l

    ----------------------------------------------------------------------
      1022         78          0          4          0        560   Library Totals

    ----------------------------------------------------------------------

==============================================================================


      Code (inc. data)   RO Data    RW Data    ZI Data      Debug   

      9384        610       2056         16       5488     119346   Grand Totals
      9384        610       2056         16       5488     119346   ELF Image Totals
      9384        610       2056         16          0          0   ROM Totals

==============================================================================

    Total RO  Size (Code + RO Data)                11440 (  11.17kB)
    Total RW  Size (RW Data + ZI Data)              5504 (   5.38kB)
    Total ROM Size (Code + RO Data + RW Data)      11456 (  11.19kB)

==============================================================================

